[tabi.pl/index.html]
[backblue.gif]
[fade.gif]
[index.html]
[tabi.pl/site_media/js/site/jquery-1.4.2.min.js]
[tabi.pl/site_media/css/fontface.css]
[tabi.pl/site_media/css/screen.css]
[tabi.pl/site_media/js/site/common.js]
[tabi.pl/site_media/images/site/favicon.ico]
[tabi.pl/site_media/images/site/favicon.png]
[tabi.pl/site_media/js/site/colorbox/colorbox.css]
[tabi.pl/site_media/js/site/colorbox/jquery.colorbox-min.js]
[tabi.pl/site_media/js/site/jquery.cookie.js]
[tabi.pl/polityka-prywatnosci-serwisu-wwwtabipl/0,-hj,1.html]
[tabi.pl/site_media/images/site/tabi.png]
[tabi.pl/kontakt/0,-3f,1.html]
[tabi.pl/o-nas/o-nas/0,-10,1,32.html]
[tabi.pl/aktualne-oferty/aktualne-oferty/0,-v,0,54.html]
[tabi.pl/nasze-inwestycje/nasze-inwestycje/0,-y,0,94.html]
[tabi.pl/warunki-najmu/warunki-najmu/0,-3d,1,33.html]
[tabi.pl/legionowo/legionowo/0,-4s,1,51.html]
[tabi.pl/galerie/galerie/0,-1,2,41.html]
[tabi.pl/nasi-klienci/nasi-klienci/0,-3k,1,31.html]
[tabi.pl/o-nas/0,-10,1.html]
[tabi.pl/aktualne-oferty/oferty-najmu-lokali-handlowo-uslugowych/oferty-najmu-lokali-handlowo-uslugowych/0,-11,0,83.html]
[tabi.pl/aktualne-oferty/oferty-najmu-lokali-biurowych/oferty-najmu-lokali-biurowych/0,-16,0,132.html]
[tabi.pl/aktualne-oferty/oferty-najmu-lokali-mieszkalnych/oferty-najmu-lokali-mieszkalnych/0,-13,0,82.html]
[tabi.pl/jagiellonska-11b/0,-9t,1.html]
[tabi.pl/pilsudskiego-13/0,-4f,1.html]
[tabi.pl/rynek-14/0,-4g,1.html]
[tabi.pl/sienkiewicza-10/0,-4h,1.html]
[tabi.pl/sienkiewicza-13/0,-9u,1.html]
[tabi.pl/site_media/js/site/jcarousel/jquery.jcarousel.min.js]
[tabi.pl/site_media/js/site/jcarousel/skins/tango/skin.css]
[tabi.pl/site_media/storage/images/2010-06/front-4.jpg]
[tabi.pl/site_media/storage/images/2010-06/thumb_front-4.jpg]
[tabi.pl/site_media/storage/images/2010-06/front-5106303.jpg]
[tabi.pl/site_media/storage/images/2010-06/thumb_front-5476926.jpg]
[tabi.pl/site_media/storage/images/2010-06/front-7.jpg]
[tabi.pl/site_media/storage/images/2010-06/thumb_front-7.jpg]
[tabi.pl/site_media/storage/images/2010-06/front-10.jpg]
[tabi.pl/site_media/storage/images/2010-06/thumb_front-10.jpg]
[tabi.pl/site_media/storage/images/2010-06/front-1992332.jpg]
[tabi.pl/site_media/storage/images/2010-06/thumb_front-1247518.jpg]
[tabi.pl/site_media/storage/images/2010-06/front-2748961.jpg]
[tabi.pl/site_media/storage/images/2010-06/thumb_front-2946671.jpg]
[tabi.pl/site_media/storage/images/2010-06/widok-1233715.jpg]
[tabi.pl/site_media/storage/images/2010-06/thumb_widok-1756636.jpg]
[tabi.pl/site_media/storage/images/2010-06/rynek-1.jpg]
[tabi.pl/site_media/storage/images/2010-06/thumb_rynek-1.jpg]
[tabi.pl/site_media/storage/images/2010-06/rynek-3.jpg]
[tabi.pl/site_media/storage/images/2010-06/thumb_rynek-3.jpg]
[tabi.pl/site_media/storage/images/2010-06/rynek-6.jpg]
[tabi.pl/site_media/storage/images/2010-06/thumb_rynek-6.jpg]
[tabi.pl/site_media/storage/images/2010-08/dsc00132316458.jpg]
[tabi.pl/site_media/storage/images/2010-08/thumb_dsc00132611090.jpg]
[tabi.pl/site_media/storage/images/2010-08/dsc00136547188.jpg]
[tabi.pl/site_media/storage/images/2010-08/thumb_dsc00136276255.jpg]
[tabi.pl/site_media/storage/images/2010-08/dsc00140147513.jpg]
[tabi.pl/site_media/storage/images/2010-08/thumb_dsc00140891367.jpg]
[tabi.pl/site_media/storage/images/2010-08/dsc00142853067.jpg]
[tabi.pl/site_media/storage/images/2010-08/thumb_dsc00142793991.jpg]
[tabi.pl/site_media/storage/images/2010-08/dsc00145880262.jpg]
[tabi.pl/site_media/storage/images/2010-08/thumb_dsc00145397587.jpg]
[tabi.pl/site_media/storage/images/2010-08/dsc00147451365.jpg]
[tabi.pl/site_media/storage/images/2010-08/thumb_dsc00147241042.jpg]
[tabi.pl/warunki-najmu/0,-3d,1.html]
[tabi.pl/site_media/storage/files/2010-07/tabi_mapa_boks.swf]
[tabi.pl/index.html]
[tabi.pl/site_media/fontface/myriad_tabi.eot]
[tabi.pl/site_media/fontface/myriadpro-cond-webfont-webfont.ttf]
[tabi.pl/site_media/fontface/myriadpro-cond-webfont-webfont.woff]
[tabi.pl/site_media/fontface/myriadpro-cond-webfont-webfont.svg]
[tabi.pl/site_media/css/fontface.css]
[tabi.pl/site_media/images/site/h_rule_blue.gif]
[tabi.pl/site_media/images/site/h_rule_yellow.gif]
[tabi.pl/site_media/images/site/gradient_gray.png]
[tabi.pl/site_media/images/site/gradient_yellow.png]
[tabi.pl/site_media/images/site/btn_more2_stars.gif]
[tabi.pl/site_media/images/site/main_bg.gif]
[tabi.pl/site_media/images/site/main_gradient.png]
[tabi.pl/site_media/images/site/icon_start.png]
[tabi.pl/site_media/images/site/icon_sitemap.png]
[tabi.pl/site_media/images/site/icon_kontakt.png]
[tabi.pl/site_media/images/site/menu_left.png]
[tabi.pl/site_media/images/site/menu_right.png]
[tabi.pl/site_media/images/site/banner_top_rule.gif]
[tabi.pl/site_media/images/site/banner.jpg]
[tabi.pl/site_media/images/site/slogan.png]
[tabi.pl/site_media/images/site/menu_bg.png]
[tabi.pl/site_media/images/site/menu_stars.gif]
[tabi.pl/site_media/images/site/menu_bg_item_hv.png]
[tabi.pl/site_media/images/site/v_rule_yellow.gif]
[tabi.pl/site_media/images/site/v_rule_blue.gif]
[tabi.pl/site_media/images/site/oferty_li_bg.gif]
[tabi.pl/site_media/images/site/oferty_a_bg.png]
[tabi.pl/site_media/images/site/oferty_a_bg_hv.png]
[tabi.pl/site_media/images/site/oferty_li_bg_hv.gif]
[tabi.pl/site_media/images/site/nk_li_bg.png]
[tabi.pl/site_media/images/site/arrow_right.png]
[tabi.pl/site_media/images/site/arrow_right_hover.png]
[tabi.pl/site_media/images/site/btn_more3_stars.gif]
[tabi.pl/site_media/images/site/subpage_bg.gif]
[tabi.pl/site_media/images/site/submenu_item.png]
[tabi.pl/site_media/images/site/subsubmenu_item.gif]
[tabi.pl/site_media/images/site/submenu_item_down.png]
[tabi.pl/site_media/images/site/section_rule.png]
[tabi.pl/site_media/images/site/list_item.gif]
[tabi.pl/site_media/images/site/table_bg_foot.gif]
[tabi.pl/site_media/images/site/btn_more_stars.gif]
[tabi.pl/site_media/images/site/arrow_far_left.png]
[tabi.pl/site_media/images/site/arrow_far_left_hover.png]
[tabi.pl/site_media/images/site/arrow_left.png]
[tabi.pl/site_media/images/site/arrow_left_hover.png]
[tabi.pl/site_media/images/site/arrow_far_right.png]
[tabi.pl/site_media/images/site/arrow_far_right_hover.png]
[tabi.pl/site_media/images/site/arrow_far_left_inactive.png]
[tabi.pl/site_media/images/site/arrow_left_inactive.png]
[tabi.pl/site_media/images/site/arrow_far_right_inactive.png]
[tabi.pl/site_media/images/site/arrow_right_inactive.png]
[tabi.pl/site_media/css/screen.css]
[tabi.pl/site_media/images/site/errorpage_icon.png]
[tabi.pl/site_media/js/site/colorbox/images/overlay.png]
[tabi.pl/site_media/js/site/colorbox/images/controls.png]
[tabi.pl/site_media/js/site/colorbox/images/border.png]
[tabi.pl/site_media/js/site/colorbox/images/loading_background.png]
[tabi.pl/site_media/js/site/colorbox/colorbox.css]
[tabi.pl/site_media/js/site/colorbox/images/loading.gif]
[tabi.pl/polityka-prywatnosci-serwisu-wwwtabipl/warunki-najmu/0,-3d,1.html]
[tabi.pl/cdn-cgi/l/email-protection.html]
[tabi.pl/site_media/storage/images/2010-07/mapka.jpg]
[tabi.pl/site_media/storage/images/2010-06/mapka_podstrona792933.jpg]
[tabi.pl/polityka-prywatnosci-serwisu-wwwtabipl/legionowo/0,-4s,1.html]
[tabi.pl/cdn-cgi/scripts/5c5dd728/cloudflare-static/email-decode.min.js]
[tabi.pl/polityka-prywatnosci-serwisu-wwwtabipl/0,-hj,1.html]
[tabi.pl/site_media/storage/files/2010-07/tabi_mapa966443.swf]
[tabi.pl/kontakt/legionowo/0,-4s,1.html]
[tabi.pl/kontakt/0,-3f,1.html]
[tabi.pl/o-nas/o-nas/warunki-najmu/0,-3d,1.html]
[tabi.pl/site_media/storage/images/2010-06/o-nas-front-4.jpg]
[tabi.pl/site_media/js/site/jcarousel/skins/tango/skin_articles.css]
[tabi.pl/site_media/storage/images/2010-06/widok-1.jpg]
[tabi.pl/site_media/storage/images/2010-06/thumb_widok-1.jpg]
[tabi.pl/site_media/storage/images/2010-06/front-3839895.jpg]
[tabi.pl/site_media/storage/images/2010-06/thumb_front-3605465.jpg]
[tabi.pl/site_media/storage/images/2010-06/rynek-5.jpg]
[tabi.pl/site_media/storage/images/2010-06/thumb_rynek-5.jpg]
[tabi.pl/o-nas/o-nas/legionowo/0,-4s,1.html]
[tabi.pl/o-nas/o-nas/0,-10,1,32.html]
[tabi.pl/site_media/storage/images/2010-06/thumb_front-2711258.jpg]
[tabi.pl/aktualne-oferty/aktualne-oferty/aktualne-oferty-najmu-powierzchni-handlowo-uslugowych/0,-g7,1,54.html]
[tabi.pl/aktualne-oferty/aktualne-oferty/aktualne-oferty-najmu-powierzchni-biurowych/0,-gb,1,54.html]
[tabi.pl/site_media/storage/images/2010-06/thumb_zdjecie-2884053.jpg]
[tabi.pl/aktualne-oferty/aktualne-oferty/aktualne-oferty-mieszkan-do-wynajecia/0,-gf,1,54.html]
[tabi.pl/aktualne-oferty/aktualne-oferty/0,-v,0,54.html]
[tabi.pl/aktualne-oferty/aktualne-oferty/legionowo/0,-4s,1.html]
[tabi.pl/nasze-inwestycje/pilsudskiego-13/pilsudskiego-13/0,-4f,1,96.html]
[tabi.pl/nasze-inwestycje/sienkiewicza-10/sienkiewicza-10/0,-4h,1,95.html]
[tabi.pl/nasze-inwestycje/rynek-14/rynek-14/0,-4g,1,97.html]
[tabi.pl/nasze-inwestycje/jagiellonska-11b/jagiellonska-11b/0,-9t,1,119.html]
[tabi.pl/nasze-inwestycje/sienkiewicza-13/sienkiewicza-13/0,-9u,1,118.html]
[tabi.pl/nasze-inwestycje/nasze-inwestycje/warunki-najmu/0,-3d,1.html]
[tabi.pl/nasze-inwestycje/nasze-inwestycje/sienkiewicza-10/0,-4h,1,94.html]
[tabi.pl/nasze-inwestycje/nasze-inwestycje/pilsudskiego-13/0,-4f,1,94.html]
[tabi.pl/nasze-inwestycje/nasze-inwestycje/rynek-14/0,-4g,1,94.html]
[tabi.pl/nasze-inwestycje/nasze-inwestycje/legionowo/0,-4s,1.html]
[tabi.pl/nasze-inwestycje/nasze-inwestycje/0,-y,0,94.html]
[tabi.pl/nasze-inwestycje/nasze-inwestycje/jagiellonska-11b/0,-9t,1,94.html]
[tabi.pl/nasze-inwestycje/nasze-inwestycje/0,-y,0,94/2/index.html]
[tabi.pl/warunki-najmu/warunki-najmu/0,-3d,1,33.html]
[tabi.pl/legionowo/legionowo/0,-4s,1,51.html]
[tabi.pl/warunki-najmu/warunki-najmu/legionowo/0,-4s,1.html]
[tabi.pl/galerie/galerie/galerie/0,-1,2,41.html]
[tabi.pl/galerie/galerie/inwestycja-pilsudskiego-13/inwestycja-pilsudskiego-13/0,-2,3,55.html]
[tabi.pl/galerie/galerie/inwestycja-sienkiewicza-10/inwestycja-sienkiewicza-10/0,-6,3,56.html]
[tabi.pl/galerie/galerie/inwestycja-rynek-14/inwestycja-rynek-14/0,-7,3,58.html]
[tabi.pl/galerie/galerie/inwestycja-jagiellonska-11b/inwestycja-jagiellonska-11b/0,-9,3,117.html]
[tabi.pl/inwestycja-pilsudskiego-13/0,-2,3,41.html]
[tabi.pl/site_media/storage/images/2010-06/front-6.jpg]
[tabi.pl/site_media/storage/images/2010-06/thumb_front-6.jpg]
[tabi.pl/inwestycja-sienkiewicza-10/0,-6,3,41.html]
[tabi.pl/site_media/storage/images/2010-06/widok-2475179.jpg]
[tabi.pl/site_media/storage/images/2010-06/thumb_widok-2867244.jpg]
[tabi.pl/inwestycja-rynek-14/0,-7,3,41.html]
[tabi.pl/site_media/storage/images/2010-06/rynek-7.jpg]
[tabi.pl/site_media/storage/images/2010-06/thumb_rynek-7.jpg]
[tabi.pl/site_media/storage/images/2010-06/rynek-4.jpg]
[tabi.pl/site_media/storage/images/2010-06/thumb_rynek-4.jpg]
[tabi.pl/galerie/galerie/legionowo/0,-4s,1.html]
[tabi.pl/galerie/galerie/0,-1,2,41.html]
[tabi.pl/galerie/galerie/galerie/0,-1,2,41/2/index.html]
[tabi.pl/nasi-klienci/nasi-klienci/warunki-najmu/0,-3d,1.html]
[tabi.pl/site_media/storage/images/2010-06/front-11.jpg]
[tabi.pl/site_media/storage/images/2010-06/thumb_front-11.jpg]
[tabi.pl/site_media/storage/images/2010-06/front-2456609.jpg]
[tabi.pl/site_media/storage/images/2010-06/front-3.jpg]
[tabi.pl/site_media/storage/images/2010-06/thumb_front-3.jpg]
[tabi.pl/site_media/storage/images/2010-06/front-9.jpg]
[tabi.pl/site_media/storage/images/2010-06/thumb_front-9.jpg]
[tabi.pl/nasi-klienci/nasi-klienci/legionowo/0,-4s,1.html]
[tabi.pl/nasi-klienci/nasi-klienci/0,-3k,1,31.html]
[tabi.pl/o-nas/warunki-najmu/0,-3d,1.html]
[tabi.pl/o-nas/0,-10,1.html]
[tabi.pl/o-nas/legionowo/0,-4s,1.html]
[tabi.pl/aktualne-oferty/oferty-najmu-lokali-handlowo-uslugowych/oferty-najmu-lokali-handlowo-uslugowych/aktaulnie-dostepne-powierzchnie/0,-hq,1,83.html]
[tabi.pl/aktualne-oferty/oferty-najmu-lokali-handlowo-uslugowych/oferty-najmu-lokali-handlowo-uslugowych/0,-11,0,83.html]
[tabi.pl/aktualne-oferty/oferty-najmu-lokali-handlowo-uslugowych/oferty-najmu-lokali-handlowo-uslugowych/legionowo/0,-4s,1.html]
[tabi.pl/aktualne-oferty/oferty-najmu-lokali-biurowych/lokal-biurowy-106-m2-inwestycja-pilsudskiego-13-i-pietro/lokal-handlowy-106-m2-inwestycja-pilsudskiego-13-i-pietro/0,-go,1,171.html]
[tabi.pl/aktualne-oferty/oferty-najmu-lokali-biurowych/lokal-biurowy-30-m2-inwestycja-pilsudskiego-13-ii-pietro/lokal-biurowy-30-m2-inwestycja-pilsudskiego-13-ii-pietro/0,-ay,1,151.html]
[tabi.pl/aktualne-oferty/oferty-najmu-lokali-biurowych/lokal-biurowy-62-m2-inwestycja-pilsudskiego-13-ii-pietro/lokal-biurowy-62-m2-inwestycja-pilsudskiego-13-ii-pietro/0,-gh,1,169.html]
[tabi.pl/aktualne-oferty/oferty-najmu-lokali-biurowych/oferty-najmu-lokali-biurowych/lokal-biurowy-30-m2-inwestycja-pilsudskiego-13-ii-pietro/0,-ay,1,132.html]
[tabi.pl/aktualne-oferty/oferty-najmu-lokali-biurowych/oferty-najmu-lokali-biurowych/lokal-handlowy-106-m2-inwestycja-pilsudskiego-13-i-pietro/0,-go,1,132.html]
[tabi.pl/aktualne-oferty/oferty-najmu-lokali-biurowych/oferty-najmu-lokali-biurowych/lokal-biurowy-62-m2-inwestycja-pilsudskiego-13-ii-pietro/0,-gh,1,132.html]
[tabi.pl/aktualne-oferty/oferty-najmu-lokali-biurowych/oferty-najmu-lokali-biurowych/lokal-biurowy-35-m2-inwestycja-pilsudskiego-13-i-pietro/0,-b0,1,132.html]
[tabi.pl/aktualne-oferty/oferty-najmu-lokali-biurowych/oferty-najmu-lokali-biurowych/legionowo/0,-4s,1.html]
[tabi.pl/aktualne-oferty/oferty-najmu-lokali-biurowych/oferty-najmu-lokali-biurowych/0,-16,0,132.html]
[tabi.pl/aktualne-oferty/oferty-najmu-lokali-biurowych/oferty-najmu-lokali-biurowych/0,-16,0,132/2/index.html]
[tabi.pl/aktualne-oferty/oferty-najmu-lokali-mieszkalnych/mieszkanie-30-m2-studio-inwestycja-pilsudskiego-13/mieszkanie-30-m2-studio-inwestycja-pilsudskiego-13/0,-7c,1,173.html]
[tabi.pl/aktualne-oferty/oferty-najmu-lokali-mieszkalnych/mieszkanie-62-m2-3-pokoje-inwestycja-pilsudskiego-13/mieszkanie-615-m2-inwestycja-pilsudskiego-13-211/0,-78,1,180.html]
[tabi.pl/aktualne-oferty/oferty-najmu-lokali-mieszkalnych/oferty-najmu-lokali-mieszkalnych/0,-13,0,82.html]
[tabi.pl/aktualne-oferty/oferty-najmu-lokali-mieszkalnych/oferty-najmu-lokali-mieszkalnych/legionowo/0,-4s,1.html]
[tabi.pl/jagiellonska-11b/warunki-najmu/0,-3d,1.html]
[tabi.pl/site_media/storage/images/2010-08/dsc00149559283.jpg]
[tabi.pl/site_media/storage/images/2010-08/thumb_dsc00149232673.jpg]
[tabi.pl/jagiellonska-11b/legionowo/0,-4s,1.html]
[tabi.pl/jagiellonska-11b/0,-9t,1.html]
[tabi.pl/pilsudskiego-13/warunki-najmu/0,-3d,1.html]
[tabi.pl/pilsudskiego-13/legionowo/0,-4s,1.html]
[tabi.pl/pilsudskiego-13/0,-4f,1.html]
[tabi.pl/rynek-14/warunki-najmu/0,-3d,1.html]
[tabi.pl/site_media/storage/images/2010-06/rynek-2.jpg]
[tabi.pl/site_media/storage/images/2010-06/thumb_rynek-2.jpg]
[tabi.pl/rynek-14/legionowo/0,-4s,1.html]
[tabi.pl/rynek-14/0,-4g,1.html]
[tabi.pl/sienkiewicza-10/warunki-najmu/0,-3d,1.html]
[tabi.pl/sienkiewicza-10/legionowo/0,-4s,1.html]
[tabi.pl/sienkiewicza-10/0,-4h,1.html]
[tabi.pl/sienkiewicza-13/warunki-najmu/0,-3d,1.html]
[tabi.pl/sienkiewicza-13/legionowo/0,-4s,1.html]
[tabi.pl/sienkiewicza-13/0,-9u,1.html]
[tabi.pl/site_media/images/site/carousel/arrow_right.png]
[tabi.pl/site_media/images/site/carousel/arrow_right_hover.png]
[tabi.pl/site_media/images/site/carousel/arrow_right_inactive.png]
[tabi.pl/site_media/images/site/carousel/arrow_left.png]
[tabi.pl/site_media/images/site/carousel/arrow_left_hover.png]
[tabi.pl/site_media/images/site/carousel/arrow_left_inactive.png]
[tabi.pl/site_media/js/site/jcarousel/skins/tango/skin.css]
[tabi.pl/warunki-najmu/0,-3d,1.html]
[tabi.pl/site_media/fontface/myriadpro-cond-webfont-webfont.svg]
[tabi.pl/site_media/images/site/section_rule.html]
[tabi.pl/warunki-najmu/legionowo/0,-4s,1.html]
[tabi.pl/polityka-prywatnosci-serwisu-wwwtabipl/warunki-najmu/0,-3d,1.html]
[tabi.pl/cdn-cgi/l/email-protection.html]
[tabi.pl/polityka-prywatnosci-serwisu-wwwtabipl/legionowo/0,-4s,1.html]
[tabi.pl/kontakt/legionowo/0,-4s,1.html]
[tabi.pl/polityka-prywatnosci-serwisu-wwwtabipl/warunki-najmu/legionowo/0,-4s,1.html]
[tabi.pl/o-nas/o-nas/warunki-najmu/0,-3d,1.html]
[tabi.pl/site_media/js/site/jcarousel/skins/tango/skin_articles.css]
[tabi.pl/o-nas/o-nas/legionowo/0,-4s,1.html]
[tabi.pl/o-nas/o-nas/warunki-najmu/legionowo/0,-4s,1.html]
[tabi.pl/aktualne-oferty/aktualne-oferty/aktualne-oferty-najmu-powierzchni-handlowo-uslugowych/0,-g7,1,54.html]
[tabi.pl/aktualne-oferty/aktualne-oferty/aktualne-oferty-najmu-powierzchni-handlowo-uslugowych/legionowo/0,-4s,1.html]
[tabi.pl/aktualne-oferty/aktualne-oferty/aktualne-oferty-najmu-powierzchni-biurowych/0,-gb,1,54.html]
[tabi.pl/aktualne-oferty/aktualne-oferty/aktualne-oferty-najmu-powierzchni-biurowych/legionowo/0,-4s,1.html]
[tabi.pl/aktualne-oferty/aktualne-oferty/aktualne-oferty-mieszkan-do-wynajecia/0,-gf,1,54.html]
[tabi.pl/aktualne-oferty/aktualne-oferty/legionowo/0,-4s,1.html]
[tabi.pl/aktualne-oferty/aktualne-oferty/aktualne-oferty-mieszkan-do-wynajecia/legionowo/0,-4s,1.html]
[tabi.pl/nasze-inwestycje/pilsudskiego-13/pilsudskiego-13/warunki-najmu/0,-3d,1.html]
[tabi.pl/nasze-inwestycje/pilsudskiego-13/pilsudskiego-13/0,-4f,1,96.html]
[tabi.pl/nasze-inwestycje/pilsudskiego-13/pilsudskiego-13/legionowo/0,-4s,1.html]
[tabi.pl/nasze-inwestycje/sienkiewicza-10/sienkiewicza-10/warunki-najmu/0,-3d,1.html]
[tabi.pl/nasze-inwestycje/sienkiewicza-10/sienkiewicza-10/0,-4h,1,95.html]
[tabi.pl/nasze-inwestycje/sienkiewicza-10/sienkiewicza-10/legionowo/0,-4s,1.html]
[tabi.pl/nasze-inwestycje/rynek-14/rynek-14/warunki-najmu/0,-3d,1.html]
[tabi.pl/nasze-inwestycje/rynek-14/rynek-14/0,-4g,1,97.html]
[tabi.pl/nasze-inwestycje/rynek-14/rynek-14/legionowo/0,-4s,1.html]
[tabi.pl/nasze-inwestycje/jagiellonska-11b/jagiellonska-11b/0,-9t,1,119.html]
[tabi.pl/nasze-inwestycje/jagiellonska-11b/jagiellonska-11b/warunki-najmu/0,-3d,1.html]
[tabi.pl/nasze-inwestycje/jagiellonska-11b/jagiellonska-11b/legionowo/0,-4s,1.html]
[tabi.pl/nasze-inwestycje/sienkiewicza-13/sienkiewicza-13/0,-9u,1,118.html]
[tabi.pl/nasze-inwestycje/sienkiewicza-13/sienkiewicza-13/warunki-najmu/0,-3d,1.html]
[tabi.pl/nasze-inwestycje/nasze-inwestycje/warunki-najmu/0,-3d,1.html]
[tabi.pl/nasze-inwestycje/sienkiewicza-13/sienkiewicza-13/legionowo/0,-4s,1.html]
[tabi.pl/nasze-inwestycje/nasze-inwestycje/sienkiewicza-10/warunki-najmu/0,-3d,1.html]
[tabi.pl/nasze-inwestycje/nasze-inwestycje/warunki-najmu/legionowo/0,-4s,1.html]
[tabi.pl/nasze-inwestycje/nasze-inwestycje/sienkiewicza-10/0,-4h,1,94.html]
[tabi.pl/nasze-inwestycje/nasze-inwestycje/sienkiewicza-10/legionowo/0,-4s,1.html]
[tabi.pl/nasze-inwestycje/nasze-inwestycje/pilsudskiego-13/0,-4f,1,94.html]
[tabi.pl/nasze-inwestycje/nasze-inwestycje/pilsudskiego-13/legionowo/0,-4s,1.html]
[tabi.pl/nasze-inwestycje/nasze-inwestycje/pilsudskiego-13/warunki-najmu/0,-3d,1.html]
[tabi.pl/nasze-inwestycje/nasze-inwestycje/rynek-14/warunki-najmu/0,-3d,1.html]
[tabi.pl/nasze-inwestycje/nasze-inwestycje/rynek-14/0,-4g,1,94.html]
[tabi.pl/nasze-inwestycje/nasze-inwestycje/jagiellonska-11b/warunki-najmu/0,-3d,1.html]
[tabi.pl/nasze-inwestycje/nasze-inwestycje/jagiellonska-11b/0,-9t,1,94.html]
[tabi.pl/nasze-inwestycje/nasze-inwestycje/rynek-14/legionowo/0,-4s,1.html]
[tabi.pl/nasze-inwestycje/nasze-inwestycje/jagiellonska-11b/legionowo/0,-4s,1.html]
[tabi.pl/nasze-inwestycje/nasze-inwestycje/0,-y,0,94/2/warunki-najmu/0,-3d,1.html]
[tabi.pl/nasze-inwestycje/nasze-inwestycje/0,-y,0,94/2/sienkiewicza-13/0,-9u,1,94.html]
[tabi.pl/nasze-inwestycje/nasze-inwestycje/0,-y,0,94/2/index.html]
[tabi.pl/nasze-inwestycje/nasze-inwestycje/legionowo/0,-4s,1.html]
[tabi.pl/warunki-najmu/warunki-najmu/legionowo/0,-4s,1.html]
[tabi.pl/nasze-inwestycje/nasze-inwestycje/0,-y,0,94/1/index.html]
[tabi.pl/nasze-inwestycje/nasze-inwestycje/0,-y,0,94/2/legionowo/0,-4s,1.html]
[tabi.pl/galerie/galerie/galerie/0,-1,2,41.html]
[tabi.pl/galerie/galerie/galerie/legionowo/0,-4s,1.html]
[tabi.pl/galerie/galerie/inwestycja-pilsudskiego-13/inwestycja-pilsudskiego-13/oferty-najmu-lokali-handlowo-uslugowych/0,-v,0,45]
[tabi.pl/galerie/galerie/inwestycja-pilsudskiego-13/inwestycja-pilsudskiego-13/pilsudskiego-13/0,-4f,1.html]
[tabi.pl/site_media/storage/images/2010-06/front-1662254.jpg]
[tabi.pl/site_media/storage/images/2010-06/thumb_front-1735017.jpg]
[tabi.pl/site_media/storage/images/2010-06/front-8.jpg]
[tabi.pl/site_media/storage/images/2010-06/thumb_front-8.jpg]
[tabi.pl/site_media/storage/images/2010-06/front-12.jpg]
[tabi.pl/site_media/storage/images/2010-06/thumb_front-12.jpg]
[tabi.pl/site_media/storage/images/2010-06/front-13.jpg]
[tabi.pl/site_media/storage/images/2010-06/thumb_front-13.jpg]
[tabi.pl/site_media/storage/images/2010-06/widok-2.jpg]
[tabi.pl/site_media/storage/images/2010-06/thumb_widok-2.jpg]
[tabi.pl/site_media/storage/images/2010-06/zapecze-1.jpg]
[tabi.pl/site_media/storage/images/2010-06/thumb_zapecze-1.jpg]
[tabi.pl/site_media/storage/images/2010-06/zaplecze-2.jpg]
[tabi.pl/site_media/storage/images/2010-06/thumb_zaplecze-2.jpg]
[tabi.pl/site_media/storage/images/2010-06/zaplecze-3.jpg]
[tabi.pl/site_media/storage/images/2010-06/thumb_zaplecze-3.jpg]
[tabi.pl/galerie/galerie/inwestycja-pilsudskiego-13/inwestycja-pilsudskiego-13/0,-2,3,55.html]
[tabi.pl/galerie/galerie/inwestycja-pilsudskiego-13/inwestycja-pilsudskiego-13/legionowo/0,-4s,1.html]
[tabi.pl/galerie/galerie/inwestycja-sienkiewicza-10/inwestycja-sienkiewicza-10/oferty-najmu-lokali-handlowo-uslugowych/0,-v,0,45]
[tabi.pl/galerie/galerie/inwestycja-sienkiewicza-10/inwestycja-sienkiewicza-10/sienkiewicza-10/0,-4h,1.html]
[tabi.pl/galerie/galerie/inwestycja-sienkiewicza-10/inwestycja-sienkiewicza-10/0,-6,3,56.html]
[tabi.pl/galerie/galerie/inwestycja-sienkiewicza-10/inwestycja-sienkiewicza-10/legionowo/0,-4s,1.html]
[tabi.pl/galerie/galerie/inwestycja-rynek-14/inwestycja-rynek-14/oferty-najmu-lokali-handlowo-uslugowych/0,-v,0,45]
[tabi.pl/galerie/galerie/inwestycja-rynek-14/inwestycja-rynek-14/rynek-14/0,-4g,1.html]
[tabi.pl/galerie/galerie/inwestycja-rynek-14/inwestycja-rynek-14/0,-7,3,58.html]
[tabi.pl/site_media/storage/images/2010-08/dsc00143215312.jpg]
[tabi.pl/galerie/galerie/inwestycja-rynek-14/inwestycja-rynek-14/legionowo/0,-4s,1.html]
[tabi.pl/site_media/storage/images/2010-08/thumb_dsc00143942955.jpg]
[tabi.pl/galerie/galerie/inwestycja-jagiellonska-11b/inwestycja-jagiellonska-11b/0,-9,3,117.html]
[tabi.pl/galerie/galerie/inwestycja-jagiellonska-11b/inwestycja-jagiellonska-11b/legionowo/0,-4s,1.html]
[tabi.pl/inwestycja-pilsudskiego-13/oferty-najmu-lokali-handlowo-uslugowych/0,-v,0,45]
[tabi.pl/inwestycja-pilsudskiego-13/pilsudskiego-13/0,-4f,1.html]
[tabi.pl/inwestycja-pilsudskiego-13/0,-2,3,41.html]
[tabi.pl/inwestycja-pilsudskiego-13/legionowo/0,-4s,1.html]
[tabi.pl/inwestycja-sienkiewicza-10/oferty-najmu-lokali-handlowo-uslugowych/0,-v,0,45]
[tabi.pl/inwestycja-sienkiewicza-10/legionowo/0,-4s,1.html]
[tabi.pl/inwestycja-sienkiewicza-10/0,-6,3,41.html]
[tabi.pl/inwestycja-sienkiewicza-10/sienkiewicza-10/0,-4h,1.html]
[tabi.pl/inwestycja-rynek-14/oferty-najmu-lokali-handlowo-uslugowych/0,-v,0,45]
[tabi.pl/inwestycja-rynek-14/legionowo/0,-4s,1.html]
[tabi.pl/inwestycja-rynek-14/0,-7,3,41.html]
[tabi.pl/inwestycja-rynek-14/rynek-14/0,-4g,1.html]
[tabi.pl/inwestycja-jagiellonska-11b/0,-9,3,41.html]
[tabi.pl/galerie/galerie/galerie/0,-1,2,41/2/index.html]
[tabi.pl/galerie/galerie/galerie/0,-1,2,41/2/legionowo/0,-4s,1.html]
[tabi.pl/galerie/galerie/legionowo/0,-4s,1.html]
[tabi.pl/galerie/galerie/galerie/0,-1,2,41/1/index.html]
[tabi.pl/nasi-klienci/nasi-klienci/warunki-najmu/0,-3d,1.html]
[tabi.pl/nasi-klienci/nasi-klienci/legionowo/0,-4s,1.html]
[tabi.pl/nasi-klienci/nasi-klienci/warunki-najmu/legionowo/0,-4s,1.html]
[tabi.pl/o-nas/warunki-najmu/0,-3d,1.html]
[tabi.pl/o-nas/legionowo/0,-4s,1.html]
[tabi.pl/o-nas/warunki-najmu/legionowo/0,-4s,1.html]
[tabi.pl/aktualne-oferty/oferty-najmu-lokali-handlowo-uslugowych/oferty-najmu-lokali-handlowo-uslugowych/aktaulnie-dostepne-powierzchnie/warunki-najmu/0,-3d,1.html]
[tabi.pl/aktualne-oferty/oferty-najmu-lokali-handlowo-uslugowych/oferty-najmu-lokali-handlowo-uslugowych/aktaulnie-dostepne-powierzchnie/0,-hq,1,83.html]
[tabi.pl/aktualne-oferty/oferty-najmu-lokali-handlowo-uslugowych/oferty-najmu-lokali-handlowo-uslugowych/legionowo/0,-4s,1.html]
[tabi.pl/aktualne-oferty/oferty-najmu-lokali-biurowych/lokal-biurowy-106-m2-inwestycja-pilsudskiego-13-i-pietro/lokal-handlowy-106-m2-inwestycja-pilsudskiego-13-i-pietro/pilsudskiego-13/0,-4f,1.html]
[tabi.pl/aktualne-oferty/oferty-najmu-lokali-handlowo-uslugowych/oferty-najmu-lokali-handlowo-uslugowych/aktaulnie-dostepne-powierzchnie/legionowo/0,-4s,1.html]
[tabi.pl/site_media/storage/images/2012-11/p13-l102-powierzchnia-usugowa-1.jpg]
[tabi.pl/site_media/storage/images/2012-11/thumb_p13-l102-powierzchnia-usug.jpg]
[tabi.pl/site_media/storage/images/2012-11/p13-l102-powierzchnia-usugowa-2.jpg]
[tabi.pl/site_media/storage/images/2012-11/thumb_p13-l102-powierzchnia-usug177075.jpg]
[tabi.pl/site_media/storage/images/2012-11/p13-l102-zaplecze-socjalne.jpg]
[tabi.pl/site_media/storage/images/2012-11/thumb_p13-l102-zaplecze-socjalne.jpg]
[tabi.pl/site_media/storage/images/2012-11/p13-l102-zaplecze-socjalne-2.jpg]
[tabi.pl/site_media/storage/images/2012-11/thumb_p13-l102-zaplecze-socjalne471384.jpg]
[tabi.pl/site_media/storage/images/2012-11/p13-l102-wejscie.jpg]
[tabi.pl/site_media/storage/images/2012-11/thumb_p13-l102-wejscie.jpg]
[tabi.pl/aktualne-oferty/oferty-najmu-lokali-biurowych/lokal-biurowy-106-m2-inwestycja-pilsudskiego-13-i-pietro/lokal-handlowy-106-m2-inwestycja-pilsudskiego-13-i-pietro/legionowo/0,-4s,1.html]
[tabi.pl/aktualne-oferty/oferty-najmu-lokali-biurowych/lokal-biurowy-106-m2-inwestycja-pilsudskiego-13-i-pietro/lokal-handlowy-106-m2-inwestycja-pilsudskiego-13-i-pietro/0,-go,1,171.html]
[tabi.pl/aktualne-oferty/oferty-najmu-lokali-biurowych/lokal-biurowy-30-m2-inwestycja-pilsudskiego-13-ii-pietro/lokal-biurowy-30-m2-inwestycja-pilsudskiego-13-ii-pietro/pilsudskiego-13/0,-4f,1.html]
[tabi.pl/site_media/storage/images/2010-12/1.jpg]
[tabi.pl/site_media/storage/images/2010-12/thumb_1.jpg]
[tabi.pl/site_media/storage/images/2010-12/2.jpg]
[tabi.pl/site_media/storage/images/2010-12/thumb_2.jpg]
[tabi.pl/site_media/storage/images/2010-12/3-lokal-210-pokoj-widok-1.jpg]
[tabi.pl/site_media/storage/images/2010-12/thumb_3-lokal-210-pokoj-widok-1.jpg]
[tabi.pl/site_media/storage/images/2010-12/4-lokal-210-pokoj-widok-2.jpg]
[tabi.pl/site_media/storage/images/2010-12/thumb_4-lokal-210-pokoj-widok-2.jpg]
[tabi.pl/site_media/storage/images/2010-12/5-lokal-210-azienka.jpg]
[tabi.pl/site_media/storage/images/2010-12/thumb_5-lokal-210-azienka.jpg]
[tabi.pl/site_media/storage/images/2010-06/zdjecie-4638535.jpg]
[tabi.pl/site_media/storage/images/2010-06/thumb_zdjecie-4620009.jpg]
[tabi.pl/site_media/storage/images/2010-06/lokal_212.jpg]
[tabi.pl/site_media/storage/images/2010-06/lokal_212_boks404269.jpg]
[tabi.pl/aktualne-oferty/oferty-najmu-lokali-biurowych/lokal-biurowy-30-m2-inwestycja-pilsudskiego-13-ii-pietro/lokal-biurowy-30-m2-inwestycja-pilsudskiego-13-ii-pietro/0,-ay,1,151.html]
[tabi.pl/site_media/storage/images/2013-05/1-p13-l207-pokoj-z-balkonem.jpg]
[tabi.pl/aktualne-oferty/oferty-najmu-lokali-biurowych/lokal-biurowy-62-m2-inwestycja-pilsudskiego-13-ii-pietro/lokal-biurowy-62-m2-inwestycja-pilsudskiego-13-ii-pietro/pilsudskiego-13/0,-4f,1.html]
[tabi.pl/site_media/storage/images/2013-05/thumb_1-p13-l207-pokoj-z-balkone.jpg]
[tabi.pl/site_media/storage/images/2013-05/2-p13-l207-pokoj-z-balkonem.jpg]
[tabi.pl/site_media/storage/images/2013-05/thumb_2-p13-l207-pokoj-z-balkone.jpg]
[tabi.pl/site_media/storage/images/2013-05/3-p13-l207-pokoj-z-balkonem.jpg]
[tabi.pl/site_media/storage/images/2013-05/thumb_3-p13-l207-pokoj-z-balkone.jpg]
[tabi.pl/site_media/storage/images/2013-05/5-p13-l207-aneks.jpg]
[tabi.pl/site_media/storage/images/2013-05/thumb_5-p13-l207-aneks.jpg]
[tabi.pl/site_media/storage/images/2013-05/6-p13-l207-aneks.jpg]
[tabi.pl/site_media/storage/images/2013-05/thumb_6-p13-l207-aneks.jpg]
[tabi.pl/site_media/storage/images/2013-05/7-p13-l207-pokoj.jpg]
[tabi.pl/site_media/storage/images/2013-05/thumb_7-p13-l207-pokoj.jpg]
[tabi.pl/site_media/storage/images/2013-05/8-p13-l207-azienka.jpg]
[tabi.pl/site_media/storage/images/2013-05/thumb_8-p13-l207-azienka.jpg]
[tabi.pl/site_media/storage/images/2013-05/9-p13-l207-przedpokoj.jpg]
[tabi.pl/site_media/storage/images/2013-05/thumb_9-p13-l207-przedpokoj.jpg]
[tabi.pl/site_media/storage/images/2013-05/10-p13-l207-schody.jpg]
[tabi.pl/site_media/storage/images/2013-05/thumb_10-p13-l207-schody.jpg]
[tabi.pl/site_media/storage/images/2013-05/11-p13-l207-antresola.jpg]
[tabi.pl/site_media/storage/images/2013-05/thumb_11-p13-l207-antresola.jpg]
[tabi.pl/site_media/storage/images/2013-05/12-p13-l207-antresola.jpg]
[tabi.pl/site_media/storage/images/2013-05/thumb_12-p13-l207-antresola.jpg]
[tabi.pl/site_media/storage/images/2013-05/13-p13-l207-schody.jpg]
[tabi.pl/site_media/storage/images/2013-05/thumb_13-p13-l207-schody.jpg]
[tabi.pl/site_media/storage/images/2013-05/14-p13-l207-widok.jpg]
[tabi.pl/site_media/storage/images/2013-05/thumb_14-p13-l207-widok.jpg]
[tabi.pl/site_media/storage/images/2013-05/15-widok.jpg]
[tabi.pl/site_media/storage/images/2013-05/thumb_15-widok.jpg]
[tabi.pl/aktualne-oferty/oferty-najmu-lokali-biurowych/lokal-biurowy-62-m2-inwestycja-pilsudskiego-13-ii-pietro/lokal-biurowy-62-m2-inwestycja-pilsudskiego-13-ii-pietro/legionowo/0,-4s,1.html]
[tabi.pl/aktualne-oferty/oferty-najmu-lokali-biurowych/lokal-biurowy-62-m2-inwestycja-pilsudskiego-13-ii-pietro/lokal-biurowy-62-m2-inwestycja-pilsudskiego-13-ii-pietro/0,-gh,1,169.html]
[tabi.pl/aktualne-oferty/oferty-najmu-lokali-biurowych/oferty-najmu-lokali-biurowych/lokal-handlowy-106-m2-inwestycja-pilsudskiego-13-i-pietro/pilsudskiego-13/0,-4f,1.html]
[tabi.pl/aktualne-oferty/oferty-najmu-lokali-biurowych/oferty-najmu-lokali-biurowych/lokal-handlowy-106-m2-inwestycja-pilsudskiego-13-i-pietro/legionowo/0,-4s,1.html]
[tabi.pl/aktualne-oferty/oferty-najmu-lokali-biurowych/oferty-najmu-lokali-biurowych/lokal-handlowy-106-m2-inwestycja-pilsudskiego-13-i-pietro/0,-go,1,132.html]
[tabi.pl/aktualne-oferty/oferty-najmu-lokali-biurowych/oferty-najmu-lokali-biurowych/lokal-biurowy-30-m2-inwestycja-pilsudskiego-13-ii-pietro/pilsudskiego-13/0,-4f,1.html]
[tabi.pl/aktualne-oferty/oferty-najmu-lokali-biurowych/oferty-najmu-lokali-biurowych/lokal-biurowy-30-m2-inwestycja-pilsudskiego-13-ii-pietro/0,-ay,1,132.html]
[tabi.pl/aktualne-oferty/oferty-najmu-lokali-biurowych/oferty-najmu-lokali-biurowych/lokal-biurowy-62-m2-inwestycja-pilsudskiego-13-ii-pietro/pilsudskiego-13/0,-4f,1.html]
[tabi.pl/aktualne-oferty/oferty-najmu-lokali-biurowych/oferty-najmu-lokali-biurowych/lokal-biurowy-62-m2-inwestycja-pilsudskiego-13-ii-pietro/legionowo/0,-4s,1.html]
[tabi.pl/aktualne-oferty/oferty-najmu-lokali-biurowych/oferty-najmu-lokali-biurowych/lokal-biurowy-62-m2-inwestycja-pilsudskiego-13-ii-pietro/0,-gh,1,132.html]
[tabi.pl/aktualne-oferty/oferty-najmu-lokali-biurowych/oferty-najmu-lokali-biurowych/lokal-biurowy-35-m2-inwestycja-pilsudskiego-13-i-pietro/pilsudskiego-13/0,-4f,1.html]
[tabi.pl/site_media/storage/images/2012-06/p13-l101-pokoj-11659213.jpg]
[tabi.pl/site_media/storage/images/2012-06/thumb_p13-l101-pokoj-11680635.jpg]
[tabi.pl/site_media/storage/images/2012-06/p13-l101-pokoj-12636364.jpg]
[tabi.pl/site_media/storage/images/2012-06/thumb_p13-l101-pokoj-12646090.jpg]
[tabi.pl/site_media/storage/images/2012-06/p13-l101-pokoj-21990488.jpg]
[tabi.pl/site_media/storage/images/2012-06/thumb_p13-l101-pokoj-21652239.jpg]
[tabi.pl/site_media/storage/images/2012-06/p13-l101-pokoj-22.jpg]
[tabi.pl/site_media/storage/images/2012-06/thumb_p13-l101-pokoj-22.jpg]
[tabi.pl/site_media/storage/images/2012-06/p13-l101-pokoj-23.jpg]
[tabi.pl/site_media/storage/images/2012-06/thumb_p13-l101-pokoj-23.jpg]
[tabi.pl/site_media/storage/images/2012-06/p13-l101-pokoj-24.jpg]
[tabi.pl/site_media/storage/images/2012-06/thumb_p13-l101-pokoj-24.jpg]
[tabi.pl/site_media/storage/images/2012-06/p13-l101-azienka.jpg]
[tabi.pl/site_media/storage/images/2012-06/thumb_p13-l101-azienka.jpg]
[tabi.pl/site_media/storage/images/2010-06/lokal_101.jpg]
[tabi.pl/site_media/storage/images/2010-06/lokal_101_boks379216.jpg]
[tabi.pl/aktualne-oferty/oferty-najmu-lokali-biurowych/oferty-najmu-lokali-biurowych/lokal-biurowy-35-m2-inwestycja-pilsudskiego-13-i-pietro/0,-b0,1,132.html]
[tabi.pl/aktualne-oferty/oferty-najmu-lokali-biurowych/oferty-najmu-lokali-biurowych/0,-16,0,132/2/lokal-biurowy-75-m2-inwestycja-sienkiewicza-10-ii-pietro/0,-fv,1,132.html]
[tabi.pl/aktualne-oferty/oferty-najmu-lokali-biurowych/oferty-najmu-lokali-biurowych/0,-16,0,132/2/legionowo/0,-4s,1.html]
[tabi.pl/aktualne-oferty/oferty-najmu-lokali-biurowych/oferty-najmu-lokali-biurowych/0,-16,0,132/2/index.html]
[tabi.pl/aktualne-oferty/oferty-najmu-lokali-biurowych/oferty-najmu-lokali-biurowych/0,-16,0,132/1/index.html]
[tabi.pl/aktualne-oferty/oferty-najmu-lokali-biurowych/oferty-najmu-lokali-biurowych/legionowo/0,-4s,1.html]
[tabi.pl/aktualne-oferty/oferty-najmu-lokali-mieszkalnych/mieszkanie-30-m2-studio-inwestycja-pilsudskiego-13/mieszkanie-30-m2-studio-inwestycja-pilsudskiego-13/pilsudskiego-13/0,-4f,1.html]
[tabi.pl/aktualne-oferty/oferty-najmu-lokali-mieszkalnych/mieszkanie-30-m2-studio-inwestycja-pilsudskiego-13/mieszkanie-30-m2-studio-inwestycja-pilsudskiego-13/0,-7c,1,173.html]
[tabi.pl/aktualne-oferty/oferty-najmu-lokali-mieszkalnych/mieszkanie-62-m2-3-pokoje-inwestycja-pilsudskiego-13/mieszkanie-615-m2-inwestycja-pilsudskiego-13-211/pilsudskiego-13/0,-4f,1.html]
[tabi.pl/site_media/storage/images/2010-06/lokal_211.jpg]
[tabi.pl/site_media/storage/images/2010-06/lokal_211_boks272294.jpg]
[tabi.pl/aktualne-oferty/oferty-najmu-lokali-mieszkalnych/mieszkanie-62-m2-3-pokoje-inwestycja-pilsudskiego-13/mieszkanie-615-m2-inwestycja-pilsudskiego-13-211/0,-78,1,180.html]
[tabi.pl/aktualne-oferty/oferty-najmu-lokali-mieszkalnych/oferty-najmu-lokali-mieszkalnych/legionowo/0,-4s,1.html]
[tabi.pl/jagiellonska-11b/warunki-najmu/legionowo/0,-4s,1.html]
[tabi.pl/jagiellonska-11b/warunki-najmu/0,-3d,1.html]
[tabi.pl/jagiellonska-11b/legionowo/0,-4s,1.html]
[tabi.pl/pilsudskiego-13/warunki-najmu/legionowo/0,-4s,1.html]
[tabi.pl/pilsudskiego-13/warunki-najmu/0,-3d,1.html]
[tabi.pl/pilsudskiego-13/legionowo/0,-4s,1.html]
[tabi.pl/rynek-14/warunki-najmu/legionowo/0,-4s,1.html]
[tabi.pl/rynek-14/warunki-najmu/0,-3d,1.html]
[tabi.pl/rynek-14/legionowo/0,-4s,1.html]
[tabi.pl/sienkiewicza-10/warunki-najmu/legionowo/0,-4s,1.html]
[tabi.pl/sienkiewicza-10/warunki-najmu/0,-3d,1.html]
[tabi.pl/sienkiewicza-10/legionowo/0,-4s,1.html]
[tabi.pl/sienkiewicza-13/warunki-najmu/legionowo/0,-4s,1.html]
[tabi.pl/sienkiewicza-13/warunki-najmu/0,-3d,1.html]
[tabi.pl/sienkiewicza-13/legionowo/0,-4s,1.html]
[tabi.pl/warunki-najmu/legionowo/0,-4s,1.html]
[tabi.pl/polityka-prywatnosci-serwisu-wwwtabipl/warunki-najmu/legionowo/0,-4s,1.html]
[tabi.pl/o-nas/o-nas/warunki-najmu/legionowo/0,-4s,1.html]
[tabi.pl/aktualne-oferty/aktualne-oferty/aktualne-oferty-najmu-powierzchni-handlowo-uslugowych/legionowo/0,-4s,1.html]
[tabi.pl/aktualne-oferty/aktualne-oferty/aktualne-oferty-najmu-powierzchni-biurowych/legionowo/0,-4s,1.html]
[tabi.pl/aktualne-oferty/aktualne-oferty/aktualne-oferty-mieszkan-do-wynajecia/legionowo/0,-4s,1.html]
[tabi.pl/nasze-inwestycje/pilsudskiego-13/pilsudskiego-13/warunki-najmu/legionowo/0,-4s,1.html]
[tabi.pl/nasze-inwestycje/pilsudskiego-13/pilsudskiego-13/warunki-najmu/0,-3d,1.html]
[tabi.pl/nasze-inwestycje/pilsudskiego-13/pilsudskiego-13/legionowo/0,-4s,1.html]
[tabi.pl/nasze-inwestycje/sienkiewicza-10/sienkiewicza-10/warunki-najmu/legionowo/0,-4s,1.html]
[tabi.pl/nasze-inwestycje/sienkiewicza-10/sienkiewicza-10/warunki-najmu/0,-3d,1.html]
[tabi.pl/nasze-inwestycje/sienkiewicza-10/sienkiewicza-10/legionowo/0,-4s,1.html]
[tabi.pl/nasze-inwestycje/rynek-14/rynek-14/warunki-najmu/legionowo/0,-4s,1.html]
[tabi.pl/nasze-inwestycje/rynek-14/rynek-14/warunki-najmu/0,-3d,1.html]
[tabi.pl/nasze-inwestycje/rynek-14/rynek-14/legionowo/0,-4s,1.html]
[tabi.pl/nasze-inwestycje/jagiellonska-11b/jagiellonska-11b/warunki-najmu/legionowo/0,-4s,1.html]
[tabi.pl/nasze-inwestycje/jagiellonska-11b/jagiellonska-11b/warunki-najmu/0,-3d,1.html]
[tabi.pl/nasze-inwestycje/jagiellonska-11b/jagiellonska-11b/legionowo/0,-4s,1.html]
[tabi.pl/nasze-inwestycje/sienkiewicza-13/sienkiewicza-13/warunki-najmu/legionowo/0,-4s,1.html]
[tabi.pl/nasze-inwestycje/sienkiewicza-13/sienkiewicza-13/warunki-najmu/0,-3d,1.html]
[tabi.pl/nasze-inwestycje/sienkiewicza-13/sienkiewicza-13/legionowo/0,-4s,1.html]
[tabi.pl/nasze-inwestycje/nasze-inwestycje/warunki-najmu/legionowo/0,-4s,1.html]
[tabi.pl/nasze-inwestycje/nasze-inwestycje/sienkiewicza-10/warunki-najmu/legionowo/0,-4s,1.html]
[tabi.pl/nasze-inwestycje/nasze-inwestycje/sienkiewicza-10/warunki-najmu/0,-3d,1.html]
[tabi.pl/nasze-inwestycje/nasze-inwestycje/sienkiewicza-10/legionowo/0,-4s,1.html]
[tabi.pl/nasze-inwestycje/nasze-inwestycje/pilsudskiego-13/warunki-najmu/legionowo/0,-4s,1.html]
[tabi.pl/nasze-inwestycje/nasze-inwestycje/pilsudskiego-13/warunki-najmu/0,-3d,1.html]
[tabi.pl/nasze-inwestycje/nasze-inwestycje/pilsudskiego-13/legionowo/0,-4s,1.html]
[tabi.pl/nasze-inwestycje/nasze-inwestycje/rynek-14/warunki-najmu/legionowo/0,-4s,1.html]
[tabi.pl/nasze-inwestycje/nasze-inwestycje/rynek-14/warunki-najmu/0,-3d,1.html]
[tabi.pl/nasze-inwestycje/nasze-inwestycje/rynek-14/legionowo/0,-4s,1.html]
[tabi.pl/nasze-inwestycje/nasze-inwestycje/jagiellonska-11b/warunki-najmu/legionowo/0,-4s,1.html]
[tabi.pl/nasze-inwestycje/nasze-inwestycje/jagiellonska-11b/warunki-najmu/0,-3d,1.html]
[tabi.pl/nasze-inwestycje/nasze-inwestycje/jagiellonska-11b/legionowo/0,-4s,1.html]
[tabi.pl/nasze-inwestycje/nasze-inwestycje/0,-y,0,94/2/warunki-najmu/legionowo/0,-4s,1.html]
[tabi.pl/nasze-inwestycje/nasze-inwestycje/0,-y,0,94/2/warunki-najmu/0,-3d,1.html]
[tabi.pl/nasze-inwestycje/nasze-inwestycje/0,-y,0,94/2/sienkiewicza-13/warunki-najmu/0,-3d,1.html]
[tabi.pl/nasze-inwestycje/nasze-inwestycje/0,-y,0,94/2/sienkiewicza-13/legionowo/0,-4s,1.html]
[tabi.pl/nasze-inwestycje/nasze-inwestycje/0,-y,0,94/2/sienkiewicza-13/0,-9u,1,94.html]
[tabi.pl/nasze-inwestycje/nasze-inwestycje/0,-y,0,94/1/warunki-najmu/0,-3d,1.html]
[tabi.pl/nasze-inwestycje/nasze-inwestycje/0,-y,0,94/1/sienkiewicza-10/0,-4h,1,94.html]
[tabi.pl/nasze-inwestycje/nasze-inwestycje/0,-y,0,94/1/pilsudskiego-13/0,-4f,1,94.html]
[tabi.pl/nasze-inwestycje/nasze-inwestycje/0,-y,0,94/1/rynek-14/0,-4g,1,94.html]
[tabi.pl/nasze-inwestycje/nasze-inwestycje/0,-y,0,94/1/jagiellonska-11b/0,-9t,1,94.html]
[tabi.pl/nasze-inwestycje/nasze-inwestycje/0,-y,0,94/1/legionowo/0,-4s,1.html]
[tabi.pl/nasze-inwestycje/nasze-inwestycje/0,-y,0,94/1/index.html]
[tabi.pl/nasze-inwestycje/nasze-inwestycje/0,-y,0,94/2/legionowo/0,-4s,1.html]
[tabi.pl/galerie/galerie/galerie/legionowo/0,-4s,1.html]
[tabi.pl/galerie/galerie/inwestycja-pilsudskiego-13/inwestycja-pilsudskiego-13/oferty-najmu-lokali-handlowo-uslugowych/0,-v,0,45.html]
[tabi.pl/galerie/galerie/inwestycja-pilsudskiego-13/inwestycja-pilsudskiego-13/pilsudskiego-13/warunki-najmu/0,-3d,1.html]
[tabi.pl/galerie/galerie/inwestycja-pilsudskiego-13/inwestycja-pilsudskiego-13/pilsudskiego-13/legionowo/0,-4s,1.html]
[tabi.pl/galerie/galerie/inwestycja-pilsudskiego-13/inwestycja-pilsudskiego-13/pilsudskiego-13/0,-4f,1.html]
[tabi.pl/galerie/galerie/inwestycja-pilsudskiego-13/inwestycja-pilsudskiego-13/legionowo/0,-4s,1.html]
[tabi.pl/galerie/galerie/inwestycja-sienkiewicza-10/inwestycja-sienkiewicza-10/oferty-najmu-lokali-handlowo-uslugowych/0,-v,0,45.html]
[tabi.pl/galerie/galerie/inwestycja-sienkiewicza-10/inwestycja-sienkiewicza-10/sienkiewicza-10/warunki-najmu/0,-3d,1.html]
[tabi.pl/galerie/galerie/inwestycja-sienkiewicza-10/inwestycja-sienkiewicza-10/sienkiewicza-10/legionowo/0,-4s,1.html]
[tabi.pl/galerie/galerie/inwestycja-sienkiewicza-10/inwestycja-sienkiewicza-10/sienkiewicza-10/0,-4h,1.html]
[tabi.pl/galerie/galerie/inwestycja-sienkiewicza-10/inwestycja-sienkiewicza-10/legionowo/0,-4s,1.html]
[tabi.pl/galerie/galerie/inwestycja-rynek-14/inwestycja-rynek-14/oferty-najmu-lokali-handlowo-uslugowych/0,-v,0,45.html]
[tabi.pl/galerie/galerie/inwestycja-rynek-14/inwestycja-rynek-14/rynek-14/warunki-najmu/0,-3d,1.html]
[tabi.pl/galerie/galerie/inwestycja-rynek-14/inwestycja-rynek-14/rynek-14/legionowo/0,-4s,1.html]
[tabi.pl/galerie/galerie/inwestycja-rynek-14/inwestycja-rynek-14/rynek-14/0,-4g,1.html]
[tabi.pl/galerie/galerie/inwestycja-rynek-14/inwestycja-rynek-14/legionowo/0,-4s,1.html]
[tabi.pl/galerie/galerie/inwestycja-jagiellonska-11b/inwestycja-jagiellonska-11b/legionowo/0,-4s,1.html]
[tabi.pl/inwestycja-pilsudskiego-13/oferty-najmu-lokali-handlowo-uslugowych/0,-v,0,45.html]
[tabi.pl/inwestycja-pilsudskiego-13/pilsudskiego-13/warunki-najmu/0,-3d,1.html]
[tabi.pl/inwestycja-pilsudskiego-13/pilsudskiego-13/legionowo/0,-4s,1.html]
[tabi.pl/inwestycja-pilsudskiego-13/pilsudskiego-13/0,-4f,1.html]
[tabi.pl/inwestycja-pilsudskiego-13/legionowo/0,-4s,1.html]
[tabi.pl/inwestycja-sienkiewicza-10/oferty-najmu-lokali-handlowo-uslugowych/0,-v,0,45.html]
[tabi.pl/inwestycja-sienkiewicza-10/sienkiewicza-10/warunki-najmu/0,-3d,1.html]
[tabi.pl/inwestycja-sienkiewicza-10/sienkiewicza-10/legionowo/0,-4s,1.html]
[tabi.pl/inwestycja-sienkiewicza-10/sienkiewicza-10/0,-4h,1.html]
[tabi.pl/inwestycja-sienkiewicza-10/legionowo/0,-4s,1.html]
[tabi.pl/inwestycja-rynek-14/oferty-najmu-lokali-handlowo-uslugowych/0,-v,0,45.html]
[tabi.pl/inwestycja-rynek-14/rynek-14/warunki-najmu/0,-3d,1.html]
[tabi.pl/inwestycja-rynek-14/rynek-14/legionowo/0,-4s,1.html]
[tabi.pl/inwestycja-rynek-14/rynek-14/0,-4g,1.html]
[tabi.pl/inwestycja-rynek-14/legionowo/0,-4s,1.html]
[tabi.pl/inwestycja-jagiellonska-11b/legionowo/0,-4s,1.html]
[tabi.pl/inwestycja-jagiellonska-11b/0,-9,3,41.html]
[tabi.pl/galerie/galerie/galerie/0,-1,2,41/1/legionowo/0,-4s,1.html]
[tabi.pl/galerie/galerie/galerie/0,-1,2,41/1/index.html]
[tabi.pl/galerie/galerie/galerie/0,-1,2,41/2/legionowo/0,-4s,1.html]
[tabi.pl/nasi-klienci/nasi-klienci/warunki-najmu/legionowo/0,-4s,1.html]
[tabi.pl/o-nas/warunki-najmu/legionowo/0,-4s,1.html]
[tabi.pl/aktualne-oferty/oferty-najmu-lokali-handlowo-uslugowych/oferty-najmu-lokali-handlowo-uslugowych/aktaulnie-dostepne-powierzchnie/warunki-najmu/legionowo/0,-4s,1.html]
[tabi.pl/aktualne-oferty/oferty-najmu-lokali-handlowo-uslugowych/oferty-najmu-lokali-handlowo-uslugowych/aktaulnie-dostepne-powierzchnie/warunki-najmu/0,-3d,1.html]
[tabi.pl/aktualne-oferty/oferty-najmu-lokali-handlowo-uslugowych/oferty-najmu-lokali-handlowo-uslugowych/aktaulnie-dostepne-powierzchnie/legionowo/0,-4s,1.html]
[tabi.pl/aktualne-oferty/oferty-najmu-lokali-biurowych/lokal-biurowy-106-m2-inwestycja-pilsudskiego-13-i-pietro/lokal-handlowy-106-m2-inwestycja-pilsudskiego-13-i-pietro/pilsudskiego-13/warunki-najmu/0,-3d,1.html]
[tabi.pl/aktualne-oferty/oferty-najmu-lokali-biurowych/lokal-biurowy-106-m2-inwestycja-pilsudskiego-13-i-pietro/lokal-handlowy-106-m2-inwestycja-pilsudskiego-13-i-pietro/pilsudskiego-13/legionowo/0,-4s,1.html]
[tabi.pl/aktualne-oferty/oferty-najmu-lokali-biurowych/lokal-biurowy-106-m2-inwestycja-pilsudskiego-13-i-pietro/lokal-handlowy-106-m2-inwestycja-pilsudskiego-13-i-pietro/pilsudskiego-13/0,-4f,1.html]
[tabi.pl/aktualne-oferty/oferty-najmu-lokali-biurowych/lokal-biurowy-106-m2-inwestycja-pilsudskiego-13-i-pietro/lokal-handlowy-106-m2-inwestycja-pilsudskiego-13-i-pietro/legionowo/0,-4s,1.html]
[tabi.pl/aktualne-oferty/oferty-najmu-lokali-biurowych/lokal-biurowy-30-m2-inwestycja-pilsudskiego-13-ii-pietro/lokal-biurowy-30-m2-inwestycja-pilsudskiego-13-ii-pietro/pilsudskiego-13/warunki-najmu/0,-3d,1.html]
[tabi.pl/aktualne-oferty/oferty-najmu-lokali-biurowych/lokal-biurowy-30-m2-inwestycja-pilsudskiego-13-ii-pietro/lokal-biurowy-30-m2-inwestycja-pilsudskiego-13-ii-pietro/pilsudskiego-13/0,-4f,1.html]
[tabi.pl/aktualne-oferty/oferty-najmu-lokali-biurowych/lokal-biurowy-30-m2-inwestycja-pilsudskiego-13-ii-pietro/lokal-biurowy-30-m2-inwestycja-pilsudskiego-13-ii-pietro/pilsudskiego-13/legionowo/0,-4s,1.html]
[tabi.pl/aktualne-oferty/oferty-najmu-lokali-biurowych/lokal-biurowy-62-m2-inwestycja-pilsudskiego-13-ii-pietro/lokal-biurowy-62-m2-inwestycja-pilsudskiego-13-ii-pietro/pilsudskiego-13/warunki-najmu/0,-3d,1.html]
[tabi.pl/aktualne-oferty/oferty-najmu-lokali-biurowych/lokal-biurowy-62-m2-inwestycja-pilsudskiego-13-ii-pietro/lokal-biurowy-62-m2-inwestycja-pilsudskiego-13-ii-pietro/pilsudskiego-13/0,-4f,1.html]
[tabi.pl/aktualne-oferty/oferty-najmu-lokali-biurowych/lokal-biurowy-62-m2-inwestycja-pilsudskiego-13-ii-pietro/lokal-biurowy-62-m2-inwestycja-pilsudskiego-13-ii-pietro/legionowo/0,-4s,1.html]
[tabi.pl/aktualne-oferty/oferty-najmu-lokali-biurowych/oferty-najmu-lokali-biurowych/lokal-handlowy-106-m2-inwestycja-pilsudskiego-13-i-pietro/pilsudskiego-13/warunki-najmu/0,-3d,1.html]
[tabi.pl/aktualne-oferty/oferty-najmu-lokali-biurowych/lokal-biurowy-62-m2-inwestycja-pilsudskiego-13-ii-pietro/lokal-biurowy-62-m2-inwestycja-pilsudskiego-13-ii-pietro/pilsudskiego-13/legionowo/0,-4s,1.html]
[tabi.pl/aktualne-oferty/oferty-najmu-lokali-biurowych/oferty-najmu-lokali-biurowych/lokal-handlowy-106-m2-inwestycja-pilsudskiego-13-i-pietro/pilsudskiego-13/0,-4f,1.html]
[tabi.pl/aktualne-oferty/oferty-najmu-lokali-biurowych/oferty-najmu-lokali-biurowych/lokal-handlowy-106-m2-inwestycja-pilsudskiego-13-i-pietro/legionowo/0,-4s,1.html]
[tabi.pl/aktualne-oferty/oferty-najmu-lokali-biurowych/oferty-najmu-lokali-biurowych/lokal-biurowy-30-m2-inwestycja-pilsudskiego-13-ii-pietro/pilsudskiego-13/warunki-najmu/0,-3d,1.html]
[tabi.pl/aktualne-oferty/oferty-najmu-lokali-biurowych/oferty-najmu-lokali-biurowych/lokal-handlowy-106-m2-inwestycja-pilsudskiego-13-i-pietro/pilsudskiego-13/legionowo/0,-4s,1.html]
[tabi.pl/aktualne-oferty/oferty-najmu-lokali-biurowych/oferty-najmu-lokali-biurowych/lokal-biurowy-30-m2-inwestycja-pilsudskiego-13-ii-pietro/pilsudskiego-13/0,-4f,1.html]
[tabi.pl/aktualne-oferty/oferty-najmu-lokali-biurowych/oferty-najmu-lokali-biurowych/lokal-biurowy-30-m2-inwestycja-pilsudskiego-13-ii-pietro/pilsudskiego-13/legionowo/0,-4s,1.html]
[tabi.pl/aktualne-oferty/oferty-najmu-lokali-biurowych/oferty-najmu-lokali-biurowych/lokal-biurowy-62-m2-inwestycja-pilsudskiego-13-ii-pietro/pilsudskiego-13/warunki-najmu/0,-3d,1.html]
[tabi.pl/aktualne-oferty/oferty-najmu-lokali-biurowych/oferty-najmu-lokali-biurowych/lokal-biurowy-62-m2-inwestycja-pilsudskiego-13-ii-pietro/pilsudskiego-13/0,-4f,1.html]
[tabi.pl/aktualne-oferty/oferty-najmu-lokali-biurowych/oferty-najmu-lokali-biurowych/lokal-biurowy-62-m2-inwestycja-pilsudskiego-13-ii-pietro/legionowo/0,-4s,1.html]
[tabi.pl/aktualne-oferty/oferty-najmu-lokali-biurowych/oferty-najmu-lokali-biurowych/lokal-biurowy-62-m2-inwestycja-pilsudskiego-13-ii-pietro/pilsudskiego-13/legionowo/0,-4s,1.html]
[tabi.pl/aktualne-oferty/oferty-najmu-lokali-biurowych/oferty-najmu-lokali-biurowych/lokal-biurowy-35-m2-inwestycja-pilsudskiego-13-i-pietro/pilsudskiego-13/warunki-najmu/0,-3d,1.html]
[tabi.pl/aktualne-oferty/oferty-najmu-lokali-biurowych/oferty-najmu-lokali-biurowych/lokal-biurowy-35-m2-inwestycja-pilsudskiego-13-i-pietro/pilsudskiego-13/0,-4f,1.html]
[tabi.pl/aktualne-oferty/oferty-najmu-lokali-biurowych/oferty-najmu-lokali-biurowych/lokal-biurowy-35-m2-inwestycja-pilsudskiego-13-i-pietro/pilsudskiego-13/legionowo/0,-4s,1.html]
[tabi.pl/aktualne-oferty/oferty-najmu-lokali-biurowych/oferty-najmu-lokali-biurowych/0,-16,0,132/2/lokal-biurowy-75-m2-inwestycja-sienkiewicza-10-ii-pietro/sienkiewicza-10/0,-4h,1.html]
[tabi.pl/site_media/storage/files/2012-07/201.pdf]
[tabi.pl/site_media/storage/images/2012-11/s10-l203-pokoj-11.jpg]
[tabi.pl/site_media/storage/images/2012-11/thumb_s10-l203-pokoj-11.jpg]
[tabi.pl/site_media/storage/images/2012-11/s10-l203-pokoj-12.jpg]
[tabi.pl/site_media/storage/images/2012-11/thumb_s10-l203-pokoj-12.jpg]
[tabi.pl/site_media/storage/images/2012-11/s10-l203-pokoj-21.jpg]
[tabi.pl/site_media/storage/images/2012-11/thumb_s10-l203-pokoj-21.jpg]
[tabi.pl/site_media/storage/images/2012-11/s10-l203-pokoj-22.jpg]
[tabi.pl/site_media/storage/images/2012-11/thumb_s10-l203-pokoj-22.jpg]
[tabi.pl/site_media/storage/images/2012-11/s10-l203-azienka-1.jpg]
[tabi.pl/site_media/storage/images/2012-11/thumb_s10-l203-azienka-1.jpg]
[tabi.pl/site_media/storage/images/2012-11/s10-l203-azienka-2.jpg]
[tabi.pl/site_media/storage/images/2012-11/thumb_s10-l203-azienka-2.jpg]
[tabi.pl/site_media/storage/images/2012-11/s10-l203-widok-1.jpg]
[tabi.pl/site_media/storage/images/2012-11/thumb_s10-l203-widok-1.jpg]
[tabi.pl/aktualne-oferty/oferty-najmu-lokali-biurowych/oferty-najmu-lokali-biurowych/0,-16,0,132/2/lokal-biurowy-75-m2-inwestycja-sienkiewicza-10-ii-pietro/legionowo/0,-4s,1.html]
[tabi.pl/aktualne-oferty/oferty-najmu-lokali-biurowych/oferty-najmu-lokali-biurowych/0,-16,0,132/2/lokal-biurowy-75-m2-inwestycja-sienkiewicza-10-ii-pietro/0,-fv,1,132.html]
[tabi.pl/aktualne-oferty/oferty-najmu-lokali-biurowych/oferty-najmu-lokali-biurowych/0,-16,0,132/1/lokal-handlowy-106-m2-inwestycja-pilsudskiego-13-i-pietro/0,-go,1,132.html]
[tabi.pl/aktualne-oferty/oferty-najmu-lokali-biurowych/oferty-najmu-lokali-biurowych/0,-16,0,132/1/lokal-biurowy-30-m2-inwestycja-pilsudskiego-13-ii-pietro/0,-ay,1,132.html]
[tabi.pl/aktualne-oferty/oferty-najmu-lokali-biurowych/oferty-najmu-lokali-biurowych/0,-16,0,132/1/lokal-biurowy-62-m2-inwestycja-pilsudskiego-13-ii-pietro/0,-gh,1,132.html]
[tabi.pl/aktualne-oferty/oferty-najmu-lokali-biurowych/oferty-najmu-lokali-biurowych/0,-16,0,132/1/lokal-biurowy-35-m2-inwestycja-pilsudskiego-13-i-pietro/0,-b0,1,132.html]
[tabi.pl/aktualne-oferty/oferty-najmu-lokali-biurowych/oferty-najmu-lokali-biurowych/0,-16,0,132/1/legionowo/0,-4s,1.html]
[tabi.pl/aktualne-oferty/oferty-najmu-lokali-biurowych/oferty-najmu-lokali-biurowych/0,-16,0,132/1/index.html]
[tabi.pl/aktualne-oferty/oferty-najmu-lokali-biurowych/oferty-najmu-lokali-biurowych/0,-16,0,132/2/legionowo/0,-4s,1.html]
[tabi.pl/aktualne-oferty/oferty-najmu-lokali-mieszkalnych/mieszkanie-30-m2-studio-inwestycja-pilsudskiego-13/mieszkanie-30-m2-studio-inwestycja-pilsudskiego-13/pilsudskiego-13/warunki-najmu/0,-3d,1.html]
[tabi.pl/aktualne-oferty/oferty-najmu-lokali-mieszkalnych/mieszkanie-30-m2-studio-inwestycja-pilsudskiego-13/mieszkanie-30-m2-studio-inwestycja-pilsudskiego-13/pilsudskiego-13/legionowo/0,-4s,1.html]
[tabi.pl/aktualne-oferty/oferty-najmu-lokali-mieszkalnych/mieszkanie-30-m2-studio-inwestycja-pilsudskiego-13/mieszkanie-30-m2-studio-inwestycja-pilsudskiego-13/pilsudskiego-13/0,-4f,1.html]
[tabi.pl/aktualne-oferty/oferty-najmu-lokali-mieszkalnych/mieszkanie-62-m2-3-pokoje-inwestycja-pilsudskiego-13/mieszkanie-615-m2-inwestycja-pilsudskiego-13-211/pilsudskiego-13/warunki-najmu/0,-3d,1.html]
[tabi.pl/aktualne-oferty/oferty-najmu-lokali-mieszkalnych/mieszkanie-62-m2-3-pokoje-inwestycja-pilsudskiego-13/mieszkanie-615-m2-inwestycja-pilsudskiego-13-211/pilsudskiego-13/legionowo/0,-4s,1.html]
[tabi.pl/aktualne-oferty/oferty-najmu-lokali-mieszkalnych/mieszkanie-62-m2-3-pokoje-inwestycja-pilsudskiego-13/mieszkanie-615-m2-inwestycja-pilsudskiego-13-211/pilsudskiego-13/0,-4f,1.html]
[tabi.pl/jagiellonska-11b/warunki-najmu/legionowo/0,-4s,1.html]
[tabi.pl/pilsudskiego-13/warunki-najmu/legionowo/0,-4s,1.html]
[tabi.pl/rynek-14/warunki-najmu/legionowo/0,-4s,1.html]
[tabi.pl/sienkiewicza-10/warunki-najmu/legionowo/0,-4s,1.html]
[tabi.pl/sienkiewicza-13/warunki-najmu/legionowo/0,-4s,1.html]
[tabi.pl/nasze-inwestycje/pilsudskiego-13/pilsudskiego-13/warunki-najmu/legionowo/0,-4s,1.html]
[tabi.pl/nasze-inwestycje/sienkiewicza-10/sienkiewicza-10/warunki-najmu/legionowo/0,-4s,1.html]
[tabi.pl/nasze-inwestycje/rynek-14/rynek-14/warunki-najmu/legionowo/0,-4s,1.html]
[tabi.pl/nasze-inwestycje/jagiellonska-11b/jagiellonska-11b/warunki-najmu/legionowo/0,-4s,1.html]
[tabi.pl/nasze-inwestycje/sienkiewicza-13/sienkiewicza-13/warunki-najmu/legionowo/0,-4s,1.html]
[tabi.pl/nasze-inwestycje/nasze-inwestycje/sienkiewicza-10/warunki-najmu/legionowo/0,-4s,1.html]
[tabi.pl/nasze-inwestycje/nasze-inwestycje/pilsudskiego-13/warunki-najmu/legionowo/0,-4s,1.html]
[tabi.pl/nasze-inwestycje/nasze-inwestycje/rynek-14/warunki-najmu/legionowo/0,-4s,1.html]
[tabi.pl/nasze-inwestycje/nasze-inwestycje/jagiellonska-11b/warunki-najmu/legionowo/0,-4s,1.html]
[tabi.pl/nasze-inwestycje/nasze-inwestycje/0,-y,0,94/2/warunki-najmu/legionowo/0,-4s,1.html]
[tabi.pl/nasze-inwestycje/nasze-inwestycje/0,-y,0,94/2/sienkiewicza-13/warunki-najmu/legionowo/0,-4s,1.html]
[tabi.pl/nasze-inwestycje/nasze-inwestycje/0,-y,0,94/2/sienkiewicza-13/warunki-najmu/0,-3d,1.html]
[tabi.pl/nasze-inwestycje/nasze-inwestycje/0,-y,0,94/2/sienkiewicza-13/legionowo/0,-4s,1.html]
[tabi.pl/nasze-inwestycje/nasze-inwestycje/0,-y,0,94/1/warunki-najmu/legionowo/0,-4s,1.html]
[tabi.pl/nasze-inwestycje/nasze-inwestycje/0,-y,0,94/1/warunki-najmu/0,-3d,1.html]
[tabi.pl/nasze-inwestycje/nasze-inwestycje/0,-y,0,94/1/sienkiewicza-10/warunki-najmu/0,-3d,1.html]
[tabi.pl/nasze-inwestycje/nasze-inwestycje/0,-y,0,94/1/sienkiewicza-10/legionowo/0,-4s,1.html]
[tabi.pl/nasze-inwestycje/nasze-inwestycje/0,-y,0,94/1/sienkiewicza-10/0,-4h,1,94.html]
[tabi.pl/nasze-inwestycje/nasze-inwestycje/0,-y,0,94/1/pilsudskiego-13/warunki-najmu/0,-3d,1.html]
[tabi.pl/nasze-inwestycje/nasze-inwestycje/0,-y,0,94/1/pilsudskiego-13/legionowo/0,-4s,1.html]
[tabi.pl/nasze-inwestycje/nasze-inwestycje/0,-y,0,94/1/pilsudskiego-13/0,-4f,1,94.html]
[tabi.pl/nasze-inwestycje/nasze-inwestycje/0,-y,0,94/1/rynek-14/warunki-najmu/0,-3d,1.html]
[tabi.pl/nasze-inwestycje/nasze-inwestycje/0,-y,0,94/1/rynek-14/legionowo/0,-4s,1.html]
[tabi.pl/nasze-inwestycje/nasze-inwestycje/0,-y,0,94/1/rynek-14/0,-4g,1,94.html]
[tabi.pl/nasze-inwestycje/nasze-inwestycje/0,-y,0,94/1/jagiellonska-11b/warunki-najmu/0,-3d,1.html]
[tabi.pl/nasze-inwestycje/nasze-inwestycje/0,-y,0,94/1/jagiellonska-11b/legionowo/0,-4s,1.html]
[tabi.pl/nasze-inwestycje/nasze-inwestycje/0,-y,0,94/1/jagiellonska-11b/0,-9t,1,94.html]
[tabi.pl/nasze-inwestycje/nasze-inwestycje/0,-y,0,94/1/legionowo/0,-4s,1.html]
[tabi.pl/galerie/galerie/inwestycja-pilsudskiego-13/inwestycja-pilsudskiego-13/pilsudskiego-13/warunki-najmu/legionowo/0,-4s,1.html]
[tabi.pl/galerie/galerie/inwestycja-pilsudskiego-13/inwestycja-pilsudskiego-13/pilsudskiego-13/warunki-najmu/0,-3d,1.html]
[tabi.pl/galerie/galerie/inwestycja-pilsudskiego-13/inwestycja-pilsudskiego-13/pilsudskiego-13/legionowo/0,-4s,1.html]
[tabi.pl/galerie/galerie/inwestycja-sienkiewicza-10/inwestycja-sienkiewicza-10/sienkiewicza-10/warunki-najmu/legionowo/0,-4s,1.html]
[tabi.pl/galerie/galerie/inwestycja-sienkiewicza-10/inwestycja-sienkiewicza-10/sienkiewicza-10/warunki-najmu/0,-3d,1.html]
[tabi.pl/galerie/galerie/inwestycja-sienkiewicza-10/inwestycja-sienkiewicza-10/sienkiewicza-10/legionowo/0,-4s,1.html]
[tabi.pl/galerie/galerie/inwestycja-rynek-14/inwestycja-rynek-14/rynek-14/warunki-najmu/legionowo/0,-4s,1.html]
[tabi.pl/galerie/galerie/inwestycja-rynek-14/inwestycja-rynek-14/rynek-14/warunki-najmu/0,-3d,1.html]
[tabi.pl/galerie/galerie/inwestycja-rynek-14/inwestycja-rynek-14/rynek-14/legionowo/0,-4s,1.html]
[tabi.pl/inwestycja-pilsudskiego-13/pilsudskiego-13/warunki-najmu/legionowo/0,-4s,1.html]
[tabi.pl/inwestycja-pilsudskiego-13/pilsudskiego-13/warunki-najmu/0,-3d,1.html]
[tabi.pl/inwestycja-pilsudskiego-13/pilsudskiego-13/legionowo/0,-4s,1.html]
[tabi.pl/inwestycja-sienkiewicza-10/sienkiewicza-10/warunki-najmu/legionowo/0,-4s,1.html]
[tabi.pl/inwestycja-sienkiewicza-10/sienkiewicza-10/warunki-najmu/0,-3d,1.html]
[tabi.pl/inwestycja-sienkiewicza-10/sienkiewicza-10/legionowo/0,-4s,1.html]
[tabi.pl/inwestycja-rynek-14/rynek-14/warunki-najmu/legionowo/0,-4s,1.html]
[tabi.pl/inwestycja-rynek-14/rynek-14/warunki-najmu/0,-3d,1.html]
[tabi.pl/inwestycja-rynek-14/rynek-14/legionowo/0,-4s,1.html]
[tabi.pl/inwestycja-jagiellonska-11b/legionowo/0,-4s,1.html]
[tabi.pl/galerie/galerie/galerie/0,-1,2,41/1/legionowo/0,-4s,1.html]
[tabi.pl/aktualne-oferty/oferty-najmu-lokali-handlowo-uslugowych/oferty-najmu-lokali-handlowo-uslugowych/aktaulnie-dostepne-powierzchnie/warunki-najmu/legionowo/0,-4s,1.html]
[tabi.pl/aktualne-oferty/oferty-najmu-lokali-biurowych/lokal-biurowy-106-m2-inwestycja-pilsudskiego-13-i-pietro/lokal-handlowy-106-m2-inwestycja-pilsudskiego-13-i-pietro/pilsudskiego-13/warunki-najmu/legionowo/0,-4s,1.html]
[tabi.pl/aktualne-oferty/oferty-najmu-lokali-biurowych/lokal-biurowy-106-m2-inwestycja-pilsudskiego-13-i-pietro/lokal-handlowy-106-m2-inwestycja-pilsudskiego-13-i-pietro/pilsudskiego-13/warunki-najmu/0,-3d,1.html]
[tabi.pl/aktualne-oferty/oferty-najmu-lokali-biurowych/lokal-biurowy-106-m2-inwestycja-pilsudskiego-13-i-pietro/lokal-handlowy-106-m2-inwestycja-pilsudskiego-13-i-pietro/pilsudskiego-13/legionowo/0,-4s,1.html]
[tabi.pl/aktualne-oferty/oferty-najmu-lokali-biurowych/lokal-biurowy-30-m2-inwestycja-pilsudskiego-13-ii-pietro/lokal-biurowy-30-m2-inwestycja-pilsudskiego-13-ii-pietro/pilsudskiego-13/warunki-najmu/legionowo/0,-4s,1.html]
[tabi.pl/aktualne-oferty/oferty-najmu-lokali-biurowych/lokal-biurowy-30-m2-inwestycja-pilsudskiego-13-ii-pietro/lokal-biurowy-30-m2-inwestycja-pilsudskiego-13-ii-pietro/pilsudskiego-13/warunki-najmu/0,-3d,1.html]
[tabi.pl/aktualne-oferty/oferty-najmu-lokali-biurowych/lokal-biurowy-30-m2-inwestycja-pilsudskiego-13-ii-pietro/lokal-biurowy-30-m2-inwestycja-pilsudskiego-13-ii-pietro/pilsudskiego-13/legionowo/0,-4s,1.html]
[tabi.pl/aktualne-oferty/oferty-najmu-lokali-biurowych/lokal-biurowy-62-m2-inwestycja-pilsudskiego-13-ii-pietro/lokal-biurowy-62-m2-inwestycja-pilsudskiego-13-ii-pietro/pilsudskiego-13/warunki-najmu/legionowo/0,-4s,1.html]
[tabi.pl/aktualne-oferty/oferty-najmu-lokali-biurowych/lokal-biurowy-62-m2-inwestycja-pilsudskiego-13-ii-pietro/lokal-biurowy-62-m2-inwestycja-pilsudskiego-13-ii-pietro/pilsudskiego-13/warunki-najmu/0,-3d,1.html]
[tabi.pl/aktualne-oferty/oferty-najmu-lokali-biurowych/lokal-biurowy-62-m2-inwestycja-pilsudskiego-13-ii-pietro/lokal-biurowy-62-m2-inwestycja-pilsudskiego-13-ii-pietro/pilsudskiego-13/legionowo/0,-4s,1.html]
[tabi.pl/aktualne-oferty/oferty-najmu-lokali-biurowych/oferty-najmu-lokali-biurowych/lokal-handlowy-106-m2-inwestycja-pilsudskiego-13-i-pietro/pilsudskiego-13/warunki-najmu/legionowo/0,-4s,1.html]
[tabi.pl/aktualne-oferty/oferty-najmu-lokali-biurowych/oferty-najmu-lokali-biurowych/lokal-handlowy-106-m2-inwestycja-pilsudskiego-13-i-pietro/pilsudskiego-13/warunki-najmu/0,-3d,1.html]
[tabi.pl/aktualne-oferty/oferty-najmu-lokali-biurowych/oferty-najmu-lokali-biurowych/lokal-handlowy-106-m2-inwestycja-pilsudskiego-13-i-pietro/pilsudskiego-13/legionowo/0,-4s,1.html]
[tabi.pl/aktualne-oferty/oferty-najmu-lokali-biurowych/oferty-najmu-lokali-biurowych/lokal-biurowy-30-m2-inwestycja-pilsudskiego-13-ii-pietro/pilsudskiego-13/warunki-najmu/legionowo/0,-4s,1.html]
[tabi.pl/aktualne-oferty/oferty-najmu-lokali-biurowych/oferty-najmu-lokali-biurowych/lokal-biurowy-30-m2-inwestycja-pilsudskiego-13-ii-pietro/pilsudskiego-13/warunki-najmu/0,-3d,1.html]
[tabi.pl/aktualne-oferty/oferty-najmu-lokali-biurowych/oferty-najmu-lokali-biurowych/lokal-biurowy-30-m2-inwestycja-pilsudskiego-13-ii-pietro/pilsudskiego-13/legionowo/0,-4s,1.html]
[tabi.pl/aktualne-oferty/oferty-najmu-lokali-biurowych/oferty-najmu-lokali-biurowych/lokal-biurowy-62-m2-inwestycja-pilsudskiego-13-ii-pietro/pilsudskiego-13/warunki-najmu/legionowo/0,-4s,1.html]
[tabi.pl/aktualne-oferty/oferty-najmu-lokali-biurowych/oferty-najmu-lokali-biurowych/lokal-biurowy-62-m2-inwestycja-pilsudskiego-13-ii-pietro/pilsudskiego-13/warunki-najmu/0,-3d,1.html]
[tabi.pl/aktualne-oferty/oferty-najmu-lokali-biurowych/oferty-najmu-lokali-biurowych/lokal-biurowy-62-m2-inwestycja-pilsudskiego-13-ii-pietro/pilsudskiego-13/legionowo/0,-4s,1.html]
[tabi.pl/aktualne-oferty/oferty-najmu-lokali-biurowych/oferty-najmu-lokali-biurowych/lokal-biurowy-35-m2-inwestycja-pilsudskiego-13-i-pietro/pilsudskiego-13/warunki-najmu/legionowo/0,-4s,1.html]
[tabi.pl/aktualne-oferty/oferty-najmu-lokali-biurowych/oferty-najmu-lokali-biurowych/lokal-biurowy-35-m2-inwestycja-pilsudskiego-13-i-pietro/pilsudskiego-13/warunki-najmu/0,-3d,1.html]
[tabi.pl/aktualne-oferty/oferty-najmu-lokali-biurowych/oferty-najmu-lokali-biurowych/lokal-biurowy-35-m2-inwestycja-pilsudskiego-13-i-pietro/pilsudskiego-13/legionowo/0,-4s,1.html]
[tabi.pl/aktualne-oferty/oferty-najmu-lokali-biurowych/oferty-najmu-lokali-biurowych/0,-16,0,132/2/lokal-biurowy-75-m2-inwestycja-sienkiewicza-10-ii-pietro/sienkiewicza-10/warunki-najmu/0,-3d,1.html]
[tabi.pl/aktualne-oferty/oferty-najmu-lokali-biurowych/oferty-najmu-lokali-biurowych/0,-16,0,132/2/lokal-biurowy-75-m2-inwestycja-sienkiewicza-10-ii-pietro/sienkiewicza-10/legionowo/0,-4s,1.html]
[tabi.pl/aktualne-oferty/oferty-najmu-lokali-biurowych/oferty-najmu-lokali-biurowych/0,-16,0,132/2/lokal-biurowy-75-m2-inwestycja-sienkiewicza-10-ii-pietro/sienkiewicza-10/0,-4h,1.html]
[tabi.pl/aktualne-oferty/oferty-najmu-lokali-biurowych/oferty-najmu-lokali-biurowych/0,-16,0,132/2/lokal-biurowy-75-m2-inwestycja-sienkiewicza-10-ii-pietro/legionowo/0,-4s,1.html]
[tabi.pl/aktualne-oferty/oferty-najmu-lokali-biurowych/oferty-najmu-lokali-biurowych/0,-16,0,132/1/lokal-handlowy-106-m2-inwestycja-pilsudskiego-13-i-pietro/pilsudskiego-13/0,-4f,1.html]
[tabi.pl/aktualne-oferty/oferty-najmu-lokali-biurowych/oferty-najmu-lokali-biurowych/0,-16,0,132/1/lokal-handlowy-106-m2-inwestycja-pilsudskiego-13-i-pietro/0,-go,1,132.html]
[tabi.pl/aktualne-oferty/oferty-najmu-lokali-biurowych/oferty-najmu-lokali-biurowych/0,-16,0,132/1/lokal-handlowy-106-m2-inwestycja-pilsudskiego-13-i-pietro/legionowo/0,-4s,1.html]
[tabi.pl/aktualne-oferty/oferty-najmu-lokali-biurowych/oferty-najmu-lokali-biurowych/0,-16,0,132/1/lokal-biurowy-30-m2-inwestycja-pilsudskiego-13-ii-pietro/pilsudskiego-13/0,-4f,1.html]
[tabi.pl/aktualne-oferty/oferty-najmu-lokali-biurowych/oferty-najmu-lokali-biurowych/0,-16,0,132/1/lokal-biurowy-30-m2-inwestycja-pilsudskiego-13-ii-pietro/0,-ay,1,132.html]
[tabi.pl/aktualne-oferty/oferty-najmu-lokali-biurowych/oferty-najmu-lokali-biurowych/0,-16,0,132/1/lokal-biurowy-62-m2-inwestycja-pilsudskiego-13-ii-pietro/pilsudskiego-13/0,-4f,1.html]
[tabi.pl/aktualne-oferty/oferty-najmu-lokali-biurowych/oferty-najmu-lokali-biurowych/0,-16,0,132/1/lokal-biurowy-62-m2-inwestycja-pilsudskiego-13-ii-pietro/0,-gh,1,132.html]
[tabi.pl/aktualne-oferty/oferty-najmu-lokali-biurowych/oferty-najmu-lokali-biurowych/0,-16,0,132/1/lokal-biurowy-62-m2-inwestycja-pilsudskiego-13-ii-pietro/legionowo/0,-4s,1.html]
[tabi.pl/aktualne-oferty/oferty-najmu-lokali-biurowych/oferty-najmu-lokali-biurowych/0,-16,0,132/1/lokal-biurowy-35-m2-inwestycja-pilsudskiego-13-i-pietro/pilsudskiego-13/0,-4f,1.html]
[tabi.pl/aktualne-oferty/oferty-najmu-lokali-biurowych/oferty-najmu-lokali-biurowych/0,-16,0,132/1/lokal-biurowy-35-m2-inwestycja-pilsudskiego-13-i-pietro/0,-b0,1,132.html]
[tabi.pl/aktualne-oferty/oferty-najmu-lokali-biurowych/oferty-najmu-lokali-biurowych/0,-16,0,132/1/legionowo/0,-4s,1.html]
[tabi.pl/aktualne-oferty/oferty-najmu-lokali-mieszkalnych/mieszkanie-30-m2-studio-inwestycja-pilsudskiego-13/mieszkanie-30-m2-studio-inwestycja-pilsudskiego-13/pilsudskiego-13/warunki-najmu/0,-3d,1.html]
[tabi.pl/aktualne-oferty/oferty-najmu-lokali-mieszkalnych/mieszkanie-30-m2-studio-inwestycja-pilsudskiego-13/mieszkanie-30-m2-studio-inwestycja-pilsudskiego-13/pilsudskiego-13/legionowo/0,-4s,1.html]
[tabi.pl/aktualne-oferty/oferty-najmu-lokali-mieszkalnych/mieszkanie-30-m2-studio-inwestycja-pilsudskiego-13/mieszkanie-30-m2-studio-inwestycja-pilsudskiego-13/pilsudskiego-13/warunki-najmu/legionowo/0,-4s,1.html]
[tabi.pl/aktualne-oferty/oferty-najmu-lokali-mieszkalnych/mieszkanie-62-m2-3-pokoje-inwestycja-pilsudskiego-13/mieszkanie-615-m2-inwestycja-pilsudskiego-13-211/pilsudskiego-13/warunki-najmu/legionowo/0,-4s,1.html]
[tabi.pl/aktualne-oferty/oferty-najmu-lokali-mieszkalnych/mieszkanie-62-m2-3-pokoje-inwestycja-pilsudskiego-13/mieszkanie-615-m2-inwestycja-pilsudskiego-13-211/pilsudskiego-13/warunki-najmu/0,-3d,1.html]
[tabi.pl/aktualne-oferty/oferty-najmu-lokali-mieszkalnych/mieszkanie-62-m2-3-pokoje-inwestycja-pilsudskiego-13/mieszkanie-615-m2-inwestycja-pilsudskiego-13-211/pilsudskiego-13/legionowo/0,-4s,1.html]
[tabi.pl/nasze-inwestycje/nasze-inwestycje/0,-y,0,94/2/sienkiewicza-13/warunki-najmu/legionowo/0,-4s,1.html]
[tabi.pl/nasze-inwestycje/nasze-inwestycje/0,-y,0,94/1/warunki-najmu/legionowo/0,-4s,1.html]
[tabi.pl/nasze-inwestycje/nasze-inwestycje/0,-y,0,94/1/sienkiewicza-10/warunki-najmu/0,-3d,1.html]
[tabi.pl/nasze-inwestycje/nasze-inwestycje/0,-y,0,94/1/sienkiewicza-10/legionowo/0,-4s,1.html]
[tabi.pl/nasze-inwestycje/nasze-inwestycje/0,-y,0,94/1/sienkiewicza-10/warunki-najmu/legionowo/0,-4s,1.html]
[tabi.pl/nasze-inwestycje/nasze-inwestycje/0,-y,0,94/1/pilsudskiego-13/warunki-najmu/0,-3d,1.html]
[tabi.pl/nasze-inwestycje/nasze-inwestycje/0,-y,0,94/1/pilsudskiego-13/legionowo/0,-4s,1.html]
[tabi.pl/nasze-inwestycje/nasze-inwestycje/0,-y,0,94/1/pilsudskiego-13/warunki-najmu/legionowo/0,-4s,1.html]
[tabi.pl/nasze-inwestycje/nasze-inwestycje/0,-y,0,94/1/rynek-14/warunki-najmu/legionowo/0,-4s,1.html]
[tabi.pl/nasze-inwestycje/nasze-inwestycje/0,-y,0,94/1/rynek-14/warunki-najmu/0,-3d,1.html]
[tabi.pl/nasze-inwestycje/nasze-inwestycje/0,-y,0,94/1/rynek-14/legionowo/0,-4s,1.html]
[tabi.pl/nasze-inwestycje/nasze-inwestycje/0,-y,0,94/1/jagiellonska-11b/warunki-najmu/legionowo/0,-4s,1.html]
[tabi.pl/nasze-inwestycje/nasze-inwestycje/0,-y,0,94/1/jagiellonska-11b/warunki-najmu/0,-3d,1.html]
[tabi.pl/nasze-inwestycje/nasze-inwestycje/0,-y,0,94/1/jagiellonska-11b/legionowo/0,-4s,1.html]
[tabi.pl/galerie/galerie/inwestycja-pilsudskiego-13/inwestycja-pilsudskiego-13/pilsudskiego-13/warunki-najmu/legionowo/0,-4s,1.html]
[tabi.pl/galerie/galerie/inwestycja-sienkiewicza-10/inwestycja-sienkiewicza-10/sienkiewicza-10/warunki-najmu/legionowo/0,-4s,1.html]
[tabi.pl/galerie/galerie/inwestycja-rynek-14/inwestycja-rynek-14/rynek-14/warunki-najmu/legionowo/0,-4s,1.html]
[tabi.pl/inwestycja-pilsudskiego-13/pilsudskiego-13/warunki-najmu/legionowo/0,-4s,1.html]
[tabi.pl/inwestycja-sienkiewicza-10/sienkiewicza-10/warunki-najmu/legionowo/0,-4s,1.html]
[tabi.pl/inwestycja-rynek-14/rynek-14/warunki-najmu/legionowo/0,-4s,1.html]
[tabi.pl/aktualne-oferty/oferty-najmu-lokali-biurowych/lokal-biurowy-106-m2-inwestycja-pilsudskiego-13-i-pietro/lokal-handlowy-106-m2-inwestycja-pilsudskiego-13-i-pietro/pilsudskiego-13/warunki-najmu/legionowo/0,-4s,1.html]
[tabi.pl/aktualne-oferty/oferty-najmu-lokali-biurowych/lokal-biurowy-30-m2-inwestycja-pilsudskiego-13-ii-pietro/lokal-biurowy-30-m2-inwestycja-pilsudskiego-13-ii-pietro/pilsudskiego-13/warunki-najmu/legionowo/0,-4s,1.html]
[tabi.pl/aktualne-oferty/oferty-najmu-lokali-biurowych/lokal-biurowy-62-m2-inwestycja-pilsudskiego-13-ii-pietro/lokal-biurowy-62-m2-inwestycja-pilsudskiego-13-ii-pietro/pilsudskiego-13/warunki-najmu/legionowo/0,-4s,1.html]
[tabi.pl/aktualne-oferty/oferty-najmu-lokali-biurowych/oferty-najmu-lokali-biurowych/lokal-handlowy-106-m2-inwestycja-pilsudskiego-13-i-pietro/pilsudskiego-13/warunki-najmu/legionowo/0,-4s,1.html]
[tabi.pl/aktualne-oferty/oferty-najmu-lokali-biurowych/oferty-najmu-lokali-biurowych/lokal-biurowy-30-m2-inwestycja-pilsudskiego-13-ii-pietro/pilsudskiego-13/warunki-najmu/legionowo/0,-4s,1.html]
[tabi.pl/aktualne-oferty/oferty-najmu-lokali-biurowych/oferty-najmu-lokali-biurowych/lokal-biurowy-62-m2-inwestycja-pilsudskiego-13-ii-pietro/pilsudskiego-13/warunki-najmu/legionowo/0,-4s,1.html]
[tabi.pl/aktualne-oferty/oferty-najmu-lokali-biurowych/oferty-najmu-lokali-biurowych/lokal-biurowy-35-m2-inwestycja-pilsudskiego-13-i-pietro/pilsudskiego-13/warunki-najmu/legionowo/0,-4s,1.html]
[tabi.pl/aktualne-oferty/oferty-najmu-lokali-biurowych/oferty-najmu-lokali-biurowych/0,-16,0,132/2/lokal-biurowy-75-m2-inwestycja-sienkiewicza-10-ii-pietro/sienkiewicza-10/warunki-najmu/legionowo/0,-4s,1.html]
[tabi.pl/aktualne-oferty/oferty-najmu-lokali-biurowych/oferty-najmu-lokali-biurowych/0,-16,0,132/2/lokal-biurowy-75-m2-inwestycja-sienkiewicza-10-ii-pietro/sienkiewicza-10/warunki-najmu/0,-3d,1.html]
[tabi.pl/aktualne-oferty/oferty-najmu-lokali-biurowych/oferty-najmu-lokali-biurowych/0,-16,0,132/2/lokal-biurowy-75-m2-inwestycja-sienkiewicza-10-ii-pietro/sienkiewicza-10/legionowo/0,-4s,1.html]
[tabi.pl/aktualne-oferty/oferty-najmu-lokali-biurowych/oferty-najmu-lokali-biurowych/0,-16,0,132/1/lokal-handlowy-106-m2-inwestycja-pilsudskiego-13-i-pietro/pilsudskiego-13/warunki-najmu/0,-3d,1.html]
[tabi.pl/aktualne-oferty/oferty-najmu-lokali-biurowych/oferty-najmu-lokali-biurowych/0,-16,0,132/1/lokal-handlowy-106-m2-inwestycja-pilsudskiego-13-i-pietro/pilsudskiego-13/legionowo/0,-4s,1.html]
[tabi.pl/aktualne-oferty/oferty-najmu-lokali-biurowych/oferty-najmu-lokali-biurowych/0,-16,0,132/1/lokal-handlowy-106-m2-inwestycja-pilsudskiego-13-i-pietro/pilsudskiego-13/0,-4f,1.html]
[tabi.pl/aktualne-oferty/oferty-najmu-lokali-biurowych/oferty-najmu-lokali-biurowych/0,-16,0,132/1/lokal-handlowy-106-m2-inwestycja-pilsudskiego-13-i-pietro/legionowo/0,-4s,1.html]
[tabi.pl/aktualne-oferty/oferty-najmu-lokali-biurowych/oferty-najmu-lokali-biurowych/0,-16,0,132/1/lokal-biurowy-30-m2-inwestycja-pilsudskiego-13-ii-pietro/pilsudskiego-13/warunki-najmu/0,-3d,1.html]
[tabi.pl/aktualne-oferty/oferty-najmu-lokali-biurowych/oferty-najmu-lokali-biurowych/0,-16,0,132/1/lokal-biurowy-30-m2-inwestycja-pilsudskiego-13-ii-pietro/pilsudskiego-13/0,-4f,1.html]
[tabi.pl/aktualne-oferty/oferty-najmu-lokali-biurowych/oferty-najmu-lokali-biurowych/0,-16,0,132/1/lokal-biurowy-30-m2-inwestycja-pilsudskiego-13-ii-pietro/pilsudskiego-13/legionowo/0,-4s,1.html]
[tabi.pl/aktualne-oferty/oferty-najmu-lokali-biurowych/oferty-najmu-lokali-biurowych/0,-16,0,132/1/lokal-biurowy-62-m2-inwestycja-pilsudskiego-13-ii-pietro/pilsudskiego-13/warunki-najmu/0,-3d,1.html]
[tabi.pl/aktualne-oferty/oferty-najmu-lokali-biurowych/oferty-najmu-lokali-biurowych/0,-16,0,132/1/lokal-biurowy-62-m2-inwestycja-pilsudskiego-13-ii-pietro/pilsudskiego-13/legionowo/0,-4s,1.html]
[tabi.pl/aktualne-oferty/oferty-najmu-lokali-biurowych/oferty-najmu-lokali-biurowych/0,-16,0,132/1/lokal-biurowy-62-m2-inwestycja-pilsudskiego-13-ii-pietro/pilsudskiego-13/0,-4f,1.html]
[tabi.pl/aktualne-oferty/oferty-najmu-lokali-biurowych/oferty-najmu-lokali-biurowych/0,-16,0,132/1/lokal-biurowy-62-m2-inwestycja-pilsudskiego-13-ii-pietro/legionowo/0,-4s,1.html]
[tabi.pl/aktualne-oferty/oferty-najmu-lokali-biurowych/oferty-najmu-lokali-biurowych/0,-16,0,132/1/lokal-biurowy-35-m2-inwestycja-pilsudskiego-13-i-pietro/pilsudskiego-13/warunki-najmu/0,-3d,1.html]
[tabi.pl/aktualne-oferty/oferty-najmu-lokali-biurowych/oferty-najmu-lokali-biurowych/0,-16,0,132/1/lokal-biurowy-35-m2-inwestycja-pilsudskiego-13-i-pietro/pilsudskiego-13/legionowo/0,-4s,1.html]
[tabi.pl/aktualne-oferty/oferty-najmu-lokali-biurowych/oferty-najmu-lokali-biurowych/0,-16,0,132/1/lokal-biurowy-35-m2-inwestycja-pilsudskiego-13-i-pietro/pilsudskiego-13/0,-4f,1.html]
[tabi.pl/aktualne-oferty/oferty-najmu-lokali-mieszkalnych/mieszkanie-30-m2-studio-inwestycja-pilsudskiego-13/mieszkanie-30-m2-studio-inwestycja-pilsudskiego-13/pilsudskiego-13/warunki-najmu/legionowo/0,-4s,1.html]
[tabi.pl/aktualne-oferty/oferty-najmu-lokali-mieszkalnych/mieszkanie-62-m2-3-pokoje-inwestycja-pilsudskiego-13/mieszkanie-615-m2-inwestycja-pilsudskiego-13-211/pilsudskiego-13/warunki-najmu/legionowo/0,-4s,1.html]
[tabi.pl/nasze-inwestycje/nasze-inwestycje/0,-y,0,94/1/sienkiewicza-10/warunki-najmu/legionowo/0,-4s,1.html]
[tabi.pl/nasze-inwestycje/nasze-inwestycje/0,-y,0,94/1/pilsudskiego-13/warunki-najmu/legionowo/0,-4s,1.html]
[tabi.pl/nasze-inwestycje/nasze-inwestycje/0,-y,0,94/1/rynek-14/warunki-najmu/legionowo/0,-4s,1.html]
[tabi.pl/nasze-inwestycje/nasze-inwestycje/0,-y,0,94/1/jagiellonska-11b/warunki-najmu/legionowo/0,-4s,1.html]
[tabi.pl/aktualne-oferty/oferty-najmu-lokali-biurowych/oferty-najmu-lokali-biurowych/0,-16,0,132/2/lokal-biurowy-75-m2-inwestycja-sienkiewicza-10-ii-pietro/sienkiewicza-10/warunki-najmu/legionowo/0,-4s,1.html]
[tabi.pl/aktualne-oferty/oferty-najmu-lokali-biurowych/oferty-najmu-lokali-biurowych/0,-16,0,132/1/lokal-handlowy-106-m2-inwestycja-pilsudskiego-13-i-pietro/pilsudskiego-13/warunki-najmu/legionowo/0,-4s,1.html]
[tabi.pl/aktualne-oferty/oferty-najmu-lokali-biurowych/oferty-najmu-lokali-biurowych/0,-16,0,132/1/lokal-handlowy-106-m2-inwestycja-pilsudskiego-13-i-pietro/pilsudskiego-13/warunki-najmu/0,-3d,1.html]
[tabi.pl/aktualne-oferty/oferty-najmu-lokali-biurowych/oferty-najmu-lokali-biurowych/0,-16,0,132/1/lokal-handlowy-106-m2-inwestycja-pilsudskiego-13-i-pietro/pilsudskiego-13/legionowo/0,-4s,1.html]
[tabi.pl/aktualne-oferty/oferty-najmu-lokali-biurowych/oferty-najmu-lokali-biurowych/0,-16,0,132/1/lokal-biurowy-30-m2-inwestycja-pilsudskiego-13-ii-pietro/pilsudskiego-13/warunki-najmu/legionowo/0,-4s,1.html]
[tabi.pl/aktualne-oferty/oferty-najmu-lokali-biurowych/oferty-najmu-lokali-biurowych/0,-16,0,132/1/lokal-biurowy-30-m2-inwestycja-pilsudskiego-13-ii-pietro/pilsudskiego-13/warunki-najmu/0,-3d,1.html]
[tabi.pl/aktualne-oferty/oferty-najmu-lokali-biurowych/oferty-najmu-lokali-biurowych/0,-16,0,132/1/lokal-biurowy-30-m2-inwestycja-pilsudskiego-13-ii-pietro/pilsudskiego-13/legionowo/0,-4s,1.html]
[tabi.pl/aktualne-oferty/oferty-najmu-lokali-biurowych/oferty-najmu-lokali-biurowych/0,-16,0,132/1/lokal-biurowy-62-m2-inwestycja-pilsudskiego-13-ii-pietro/pilsudskiego-13/warunki-najmu/0,-3d,1.html]
[tabi.pl/aktualne-oferty/oferty-najmu-lokali-biurowych/oferty-najmu-lokali-biurowych/0,-16,0,132/1/lokal-biurowy-62-m2-inwestycja-pilsudskiego-13-ii-pietro/pilsudskiego-13/legionowo/0,-4s,1.html]
[tabi.pl/aktualne-oferty/oferty-najmu-lokali-biurowych/oferty-najmu-lokali-biurowych/0,-16,0,132/1/lokal-biurowy-62-m2-inwestycja-pilsudskiego-13-ii-pietro/pilsudskiego-13/warunki-najmu/legionowo/0,-4s,1.html]
[tabi.pl/aktualne-oferty/oferty-najmu-lokali-biurowych/oferty-najmu-lokali-biurowych/0,-16,0,132/1/lokal-biurowy-35-m2-inwestycja-pilsudskiego-13-i-pietro/pilsudskiego-13/warunki-najmu/0,-3d,1.html]
[tabi.pl/aktualne-oferty/oferty-najmu-lokali-biurowych/oferty-najmu-lokali-biurowych/0,-16,0,132/1/lokal-biurowy-35-m2-inwestycja-pilsudskiego-13-i-pietro/pilsudskiego-13/legionowo/0,-4s,1.html]
[tabi.pl/aktualne-oferty/oferty-najmu-lokali-biurowych/oferty-najmu-lokali-biurowych/0,-16,0,132/1/lokal-handlowy-106-m2-inwestycja-pilsudskiego-13-i-pietro/pilsudskiego-13/warunki-najmu/legionowo/0,-4s,1.html]
[tabi.pl/aktualne-oferty/oferty-najmu-lokali-biurowych/oferty-najmu-lokali-biurowych/0,-16,0,132/1/lokal-biurowy-30-m2-inwestycja-pilsudskiego-13-ii-pietro/pilsudskiego-13/warunki-najmu/legionowo/0,-4s,1.html]
[tabi.pl/aktualne-oferty/oferty-najmu-lokali-biurowych/oferty-najmu-lokali-biurowych/0,-16,0,132/1/lokal-biurowy-62-m2-inwestycja-pilsudskiego-13-ii-pietro/pilsudskiego-13/warunki-najmu/legionowo/0,-4s,1.html]
[tabi.pl/aktualne-oferty/oferty-najmu-lokali-biurowych/oferty-najmu-lokali-biurowych/0,-16,0,132/1/lokal-biurowy-35-m2-inwestycja-pilsudskiego-13-i-pietro/pilsudskiego-13/warunki-najmu/legionowo/0,-4s,1.html]
[tabi.pl/aktualne-oferty/oferty-najmu-lokali-biurowych/oferty-najmu-lokali-biurowych/0,-16,0,132/1/lokal-biurowy-35-m2-inwestycja-pilsudskiego-13-i-pietro/pilsudskiego-13/warunki-najmu/legionowo/0,-4s,1.html]
